stm32g0xx_hal_rcc.c:220:19:HAL_RCC_DeInit	24	static
stm32g0xx_hal_rcc.c:312:19:HAL_RCC_OscConfig	40	static
stm32g0xx_hal_rcc.c:1032:6:HAL_RCC_MCOConfig	40	static
stm32g0xx_hal_rcc.c:1110:10:HAL_RCC_GetSysClockFreq	8	static
stm32g0xx_hal_rcc.c:803:19:HAL_RCC_ClockConfig	32	static
stm32g0xx_hal_rcc.c:1178:10:HAL_RCC_GetHCLKFreq	0	static
stm32g0xx_hal_rcc.c:1189:10:HAL_RCC_GetPCLK1Freq	0	static
stm32g0xx_hal_rcc.c:1202:6:HAL_RCC_GetOscConfig	0	static
stm32g0xx_hal_rcc.c:1306:6:HAL_RCC_GetClockConfig	12	static
stm32g0xx_hal_rcc.c:1339:6:HAL_RCC_EnableCSS	0	static
stm32g0xx_hal_rcc.c:1355:6:HAL_RCC_EnableLSECSS	0	static
stm32g0xx_hal_rcc.c:1366:6:HAL_RCC_DisableLSECSS	0	static
stm32g0xx_hal_rcc.c:1402:13:HAL_RCC_CSSCallback	0	static
stm32g0xx_hal_rcc.c:1413:13:HAL_RCC_LSECSSCallback	0	static
stm32g0xx_hal_rcc.c:1376:6:HAL_RCC_NMI_IRQHandler	8	static
