stm32g0xx_hal_dma.c:1069:13:DMA_SetConfig	20	static
stm32g0xx_hal_dma.c:1116:13:DMA_CalcDMAMUXChannelBaseAndMask	8	static
stm32g0xx_hal_dma.c:152:19:HAL_DMA_Init	16	static
stm32g0xx_hal_dma.c:259:19:HAL_DMA_DeInit	24	static
stm32g0xx_hal_dma.c:382:19:HAL_DMA_Start	16	static
stm32g0xx_hal_dma.c:433:19:HAL_DMA_Start_IT	16	static
stm32g0xx_hal_dma.c:506:19:HAL_DMA_Abort	12	static
stm32g0xx_hal_dma.c:571:19:HAL_DMA_Abort_IT	16	static
stm32g0xx_hal_dma.c:636:19:HAL_DMA_PollForTransfer	32	static
stm32g0xx_hal_dma.c:795:6:HAL_DMA_IRQHandler	16	static
stm32g0xx_hal_dma.c:901:19:HAL_DMA_RegisterCallback	8	static
stm32g0xx_hal_dma.c:952:19:HAL_DMA_UnRegisterCallback	0	static
stm32g0xx_hal_dma.c:1030:22:HAL_DMA_GetState	0	static
stm32g0xx_hal_dma.c:1042:10:HAL_DMA_GetError	0	static
