stm32g0xx_hal_uart.c:3620:13:UART_EndRxTransfer	0	static
stm32g0xx_hal_uart.c:4025:13:UART_TxISR_8BIT	0	static
stm32g0xx_hal_uart.c:4054:13:UART_TxISR_16BIT	0	static
stm32g0xx_hal_uart.c:4086:13:UART_TxISR_8BIT_FIFOEN	12	static
stm32g0xx_hal_uart.c:4126:13:UART_TxISR_16BIT_FIFOEN	12	static
stm32g0xx_hal_uart.c:665:13:HAL_UART_MspInit	0	static
stm32g0xx_hal_uart.c:680:13:HAL_UART_MspDeInit	0	static
stm32g0xx_hal_uart.c:619:19:HAL_UART_DeInit	16	static
stm32g0xx_hal_uart.c:1327:19:HAL_UART_Transmit_IT	12	static
stm32g0xx_hal_uart.c:1466:19:HAL_UART_Transmit_DMA	8	static
stm32g0xx_hal_uart.c:1597:19:HAL_UART_DMAPause	12	static
stm32g0xx_hal_uart.c:1631:19:HAL_UART_DMAResume	0	static
stm32g0xx_hal_uart.c:1663:19:HAL_UART_DMAStop	16	static
stm32g0xx_hal_uart.c:1738:19:HAL_UART_Abort	8	static
stm32g0xx_hal_uart.c:1839:19:HAL_UART_AbortTransmit	8	static
stm32g0xx_hal_uart.c:1897:19:HAL_UART_AbortReceive	8	static
stm32g0xx_hal_uart.c:2617:13:HAL_UART_TxCpltCallback	0	static
stm32g0xx_hal_uart.c:3646:13:UART_DMATransmitCplt	8	static
stm32g0xx_hal_uart.c:2632:13:HAL_UART_TxHalfCpltCallback	0	static
stm32g0xx_hal_uart.c:3680:13:UART_DMATxHalfCplt	8	static
stm32g0xx_hal_uart.c:2647:13:HAL_UART_RxCpltCallback	0	static
stm32g0xx_hal_uart.c:2662:13:HAL_UART_RxHalfCpltCallback	0	static
stm32g0xx_hal_uart.c:2677:13:HAL_UART_ErrorCallback	0	static
stm32g0xx_hal_uart.c:3789:13:UART_DMAError	8	static
stm32g0xx_hal_uart.c:3829:13:UART_DMAAbortOnError	8	static
stm32g0xx_hal_uart.c:2692:13:HAL_UART_AbortCpltCallback	0	static
stm32g0xx_hal_uart.c:1964:19:HAL_UART_Abort_IT	8	static
stm32g0xx_hal_uart.c:3907:13:UART_DMARxAbortCallback	8	static
stm32g0xx_hal_uart.c:3852:13:UART_DMATxAbortCallback	8	static
stm32g0xx_hal_uart.c:2707:13:HAL_UART_AbortTransmitCpltCallback	0	static
stm32g0xx_hal_uart.c:2116:19:HAL_UART_AbortTransmit_IT	8	static
stm32g0xx_hal_uart.c:3959:13:UART_DMATxOnlyAbortCallback	8	static
stm32g0xx_hal_uart.c:2722:13:HAL_UART_AbortReceiveCpltCallback	0	static
stm32g0xx_hal_uart.c:2206:19:HAL_UART_AbortReceive_IT	8	static
stm32g0xx_hal_uart.c:3992:13:UART_DMARxOnlyAbortCallback	8	static
stm32g0xx_hal_uart.c:2739:13:HAL_UARTEx_RxEventCallback	0	static
stm32g0xx_hal_uart.c:2298:6:HAL_UART_IRQHandler	24	static
stm32g0xx_hal_uart.c:4192:13:UART_RxISR_8BIT	8	static
stm32g0xx_hal_uart.c:4262:13:UART_RxISR_16BIT	8	static
stm32g0xx_hal_uart.c:4334:13:UART_RxISR_8BIT_FIFOEN	32	static
stm32g0xx_hal_uart.c:4475:13:UART_RxISR_16BIT_FIFOEN	32	static
stm32g0xx_hal_uart.c:3755:13:UART_DMARxHalfCplt	8	static
stm32g0xx_hal_uart.c:3698:13:UART_DMAReceiveCplt	8	static
stm32g0xx_hal_uart.c:2787:6:HAL_UART_ReceiverTimeout_Config	0	static
stm32g0xx_hal_uart.c:2802:19:HAL_UART_EnableReceiverTimeout	12	static
stm32g0xx_hal_uart.c:2840:19:HAL_UART_DisableReceiverTimeout	12	static
stm32g0xx_hal_uart.c:2918:6:HAL_MultiProcessor_EnterMuteMode	0	static
stm32g0xx_hal_uart.c:2928:19:HAL_HalfDuplex_EnableTransmitter	12	static
stm32g0xx_hal_uart.c:2951:19:HAL_HalfDuplex_EnableReceiver	12	static
stm32g0xx_hal_uart.c:2975:19:HAL_LIN_SendBreak	12	static
stm32g0xx_hal_uart.c:3020:23:HAL_UART_GetState	0	static
stm32g0xx_hal_uart.c:3036:10:HAL_UART_GetError	0	static
stm32g0xx_hal_uart.c:3082:19:UART_SetConfig	24	static
stm32g0xx_hal_uart.c:3294:6:UART_AdvFeatureConfig	0	static
stm32g0xx_hal_uart.c:3419:19:UART_WaitOnFlagUntilTimeout	40	static
stm32g0xx_hal_uart.c:1120:19:HAL_UART_Transmit	40	static
stm32g0xx_hal_uart.c:1225:19:HAL_UART_Receive	40	static
stm32g0xx_hal_uart.c:3368:19:UART_CheckIdleState	24	static
stm32g0xx_hal_uart.c:302:19:HAL_UART_Init	8	static
stm32g0xx_hal_uart.c:375:19:HAL_HalfDuplex_Init	8	static
stm32g0xx_hal_uart.c:448:19:HAL_LIN_Init	16	static
stm32g0xx_hal_uart.c:545:19:HAL_MultiProcessor_Init	16	static
stm32g0xx_hal_uart.c:2878:19:HAL_MultiProcessor_EnableMuteMode	8	static
stm32g0xx_hal_uart.c:2898:19:HAL_MultiProcessor_DisableMuteMode	8	static
stm32g0xx_hal_uart.c:3481:19:UART_Start_Receive_IT	8	static
stm32g0xx_hal_uart.c:1417:19:HAL_UART_Receive_IT	8	static
stm32g0xx_hal_uart.c:3547:19:UART_Start_Receive_DMA	8	static
stm32g0xx_hal_uart.c:1558:19:HAL_UART_Receive_DMA	8	static
