stm32g0xx_hal_adc.c:900:13:HAL_ADC_MspInit	0	static
stm32g0xx_hal_adc.c:387:19:HAL_ADC_Init	32	static
stm32g0xx_hal_adc.c:917:13:HAL_ADC_MspDeInit	0	static
stm32g0xx_hal_adc.c:1308:19:HAL_ADC_PollForConversion	24	static
stm32g0xx_hal_adc.c:1435:19:HAL_ADC_PollForEvent	24	static
stm32g0xx_hal_adc.c:1888:10:HAL_ADC_GetValue	0	static
stm32g0xx_hal_adc.c:2115:13:HAL_ADC_ConvCpltCallback	0	static
stm32g0xx_hal_adc.c:2130:13:HAL_ADC_ConvHalfCpltCallback	0	static
stm32g0xx_hal_adc.c:2956:13:ADC_DMAHalfConvCplt	8	static
stm32g0xx_hal_adc.c:2145:13:HAL_ADC_LevelOutOfWindowCallback	0	static
stm32g0xx_hal_adc.c:2167:13:HAL_ADC_ErrorCallback	0	static
stm32g0xx_hal_adc.c:2974:13:ADC_DMAError	8	static
stm32g0xx_hal_adc.c:2878:13:ADC_DMAConvCplt	8	static
stm32g0xx_hal_adc.c:1905:6:HAL_ADC_IRQHandler	16	static
stm32g0xx_hal_adc.c:2213:19:HAL_ADC_ConfigChannel	32	static
stm32g0xx_hal_adc.c:2423:19:HAL_ADC_AnalogWDGConfig	16	static
stm32g0xx_hal_adc.c:2642:10:HAL_ADC_GetState	0	static
stm32g0xx_hal_adc.c:2656:10:HAL_ADC_GetError	0	static
stm32g0xx_hal_adc.c:2683:19:ADC_ConversionStop	16	static
stm32g0xx_hal_adc.c:2733:19:ADC_Enable	32	static
stm32g0xx_hal_adc.c:1184:19:HAL_ADC_Start	8	static
stm32g0xx_hal_adc.c:1562:19:HAL_ADC_Start_IT	8	static
stm32g0xx_hal_adc.c:1706:19:HAL_ADC_Start_DMA	16	static
stm32g0xx_hal_adc.c:2820:19:ADC_Disable	16	static
stm32g0xx_hal_adc.c:772:19:HAL_ADC_DeInit	16	static
stm32g0xx_hal_adc.c:1254:19:HAL_ADC_Stop	8	static
stm32g0xx_hal_adc.c:1656:19:HAL_ADC_Stop_IT	8	static
stm32g0xx_hal_adc.c:1804:19:HAL_ADC_Stop_DMA	16	static
