stm32g0xx_hal_tim_ex.c:2775:13:TIM_CCxNChannelCmd	8	static
stm32g0xx_hal_tim_ex.c:2730:13:TIM_DMAErrorCCxN	8	static
stm32g0xx_hal_tim_ex.c:2671:13:TIM_DMADelayPulseNCplt	8	static
stm32g0xx_hal_tim_ex.c:294:13:HAL_TIMEx_HallSensor_MspInit	0	static
stm32g0xx_hal_tim_ex.c:148:19:HAL_TIMEx_HallSensor_Init	64	static
stm32g0xx_hal_tim_ex.c:309:13:HAL_TIMEx_HallSensor_MspDeInit	0	static
stm32g0xx_hal_tim_ex.c:249:19:HAL_TIMEx_HallSensor_DeInit	8	static
stm32g0xx_hal_tim_ex.c:324:19:HAL_TIMEx_HallSensor_Start	16	static
stm32g0xx_hal_tim_ex.c:377:19:HAL_TIMEx_HallSensor_Stop	8	static
stm32g0xx_hal_tim_ex.c:404:19:HAL_TIMEx_HallSensor_Start_IT	16	static
stm32g0xx_hal_tim_ex.c:460:19:HAL_TIMEx_HallSensor_Stop_IT	8	static
stm32g0xx_hal_tim_ex.c:492:19:HAL_TIMEx_HallSensor_Start_DMA	24	static
stm32g0xx_hal_tim_ex.c:567:19:HAL_TIMEx_HallSensor_Stop_DMA	8	static
stm32g0xx_hal_tim_ex.c:628:19:HAL_TIMEx_OCN_Start	8	static
stm32g0xx_hal_tim_ex.c:679:19:HAL_TIMEx_OCN_Stop	16	static
stm32g0xx_hal_tim_ex.c:711:19:HAL_TIMEx_OCN_Start_IT	8	static
stm32g0xx_hal_tim_ex.c:793:19:HAL_TIMEx_OCN_Stop_IT	16	static
stm32g0xx_hal_tim_ex.c:862:19:HAL_TIMEx_OCN_Start_DMA	16	static
stm32g0xx_hal_tim_ex.c:991:19:HAL_TIMEx_OCN_Stop_DMA	16	static
stm32g0xx_hal_tim_ex.c:1086:19:HAL_TIMEx_PWMN_Start	8	static
stm32g0xx_hal_tim_ex.c:1136:19:HAL_TIMEx_PWMN_Stop	16	static
stm32g0xx_hal_tim_ex.c:1168:19:HAL_TIMEx_PWMN_Start_IT	8	static
stm32g0xx_hal_tim_ex.c:1249:19:HAL_TIMEx_PWMN_Stop_IT	16	static
stm32g0xx_hal_tim_ex.c:1319:19:HAL_TIMEx_PWMN_Start_DMA	16	static
stm32g0xx_hal_tim_ex.c:1448:19:HAL_TIMEx_PWMN_Stop_DMA	16	static
stm32g0xx_hal_tim_ex.c:1531:19:HAL_TIMEx_OnePulseN_Start	16	static
stm32g0xx_hal_tim_ex.c:1572:19:HAL_TIMEx_OnePulseN_Stop	16	static
stm32g0xx_hal_tim_ex.c:1607:19:HAL_TIMEx_OnePulseN_Start_IT	16	static
stm32g0xx_hal_tim_ex.c:1654:19:HAL_TIMEx_OnePulseN_Stop_IT	16	static
stm32g0xx_hal_tim_ex.c:1733:19:HAL_TIMEx_ConfigCommutEvent	12	static
stm32g0xx_hal_tim_ex.c:1789:19:HAL_TIMEx_ConfigCommutEvent_IT	12	static
stm32g0xx_hal_tim_ex.c:1846:19:HAL_TIMEx_ConfigCommutEvent_DMA	12	static
stm32g0xx_hal_tim_ex.c:1895:19:HAL_TIMEx_MasterConfigSynchronization	12	static
stm32g0xx_hal_tim_ex.c:1968:19:HAL_TIMEx_ConfigBreakDeadTime	8	static
stm32g0xx_hal_tim_ex.c:2050:19:HAL_TIMEx_ConfigBreakInput	20	static
stm32g0xx_hal_tim_ex.c:2204:19:HAL_TIMEx_RemapConfig	12	static
stm32g0xx_hal_tim_ex.c:2295:20:HAL_TIMEx_TISelection	8	static
stm32g0xx_hal_tim_ex.c:2337:19:HAL_TIMEx_GroupChannel5	20	static
stm32g0xx_hal_tim_ex.c:2375:19:HAL_TIMEx_DisarmBreakInput	0	static
stm32g0xx_hal_tim_ex.c:2428:19:HAL_TIMEx_ReArmBreakInput	16	static
stm32g0xx_hal_tim_ex.c:2511:13:HAL_TIMEx_CommutCallback	0	static
stm32g0xx_hal_tim_ex.c:2632:6:TIMEx_DMACommutationCplt	8	static
stm32g0xx_hal_tim_ex.c:2525:13:HAL_TIMEx_CommutHalfCpltCallback	0	static
stm32g0xx_hal_tim_ex.c:2651:6:TIMEx_DMACommutationHalfCplt	8	static
stm32g0xx_hal_tim_ex.c:2540:13:HAL_TIMEx_BreakCallback	0	static
stm32g0xx_hal_tim_ex.c:2555:13:HAL_TIMEx_Break2Callback	0	static
stm32g0xx_hal_tim_ex.c:2588:22:HAL_TIMEx_HallSensor_GetState	0	static
stm32g0xx_hal_tim_ex.c:2603:29:HAL_TIMEx_GetChannelNState	0	static
