stm32g0xx_hal_uart_ex.c:1019:13:UARTEx_SetNbDataToProcess	32	static
stm32g0xx_hal_uart_ex.c:166:19:HAL_RS485Ex_Init	24	static
stm32g0xx_hal_uart_ex.c:272:13:HAL_UARTEx_WakeupCallback	0	static
stm32g0xx_hal_uart_ex.c:287:13:HAL_UARTEx_RxFifoFullCallback	0	static
stm32g0xx_hal_uart_ex.c:302:13:HAL_UARTEx_TxFifoEmptyCallback	0	static
stm32g0xx_hal_uart_ex.c:387:19:HAL_MultiProcessorEx_AddressLength_Set	16	static
stm32g0xx_hal_uart_ex.c:425:19:HAL_UARTEx_StopModeWakeUpSourceConfig	32	static
stm32g0xx_hal_uart_ex.c:480:19:HAL_UARTEx_EnableStopMode	8	static
stm32g0xx_hal_uart_ex.c:499:19:HAL_UARTEx_DisableStopMode	8	static
stm32g0xx_hal_uart_ex.c:518:19:HAL_UARTEx_EnableFifoMode	16	static
stm32g0xx_hal_uart_ex.c:559:19:HAL_UARTEx_DisableFifoMode	16	static
stm32g0xx_hal_uart_ex.c:605:19:HAL_UARTEx_SetTxFifoThreshold	24	static
stm32g0xx_hal_uart_ex.c:654:19:HAL_UARTEx_SetRxFifoThreshold	24	static
stm32g0xx_hal_uart_ex.c:713:19:HAL_UARTEx_ReceiveToIdle	48	static
stm32g0xx_hal_uart_ex.c:851:19:HAL_UARTEx_ReceiveToIdle_IT	8	static
stm32g0xx_hal_uart_ex.c:927:19:HAL_UARTEx_ReceiveToIdle_DMA	8	static
