stm32g0xx_hal_tim.c:6814:13:TIM_OC1_SetConfig	16	static
stm32g0xx_hal_tim.c:6965:13:TIM_OC3_SetConfig	16	static
stm32g0xx_hal_tim.c:7039:13:TIM_OC4_SetConfig	12	static
stm32g0xx_hal_tim.c:7099:13:TIM_OC5_SetConfig	12	static
stm32g0xx_hal_tim.c:7152:13:TIM_OC6_SetConfig	12	static
stm32g0xx_hal_tim.c:379:13:HAL_TIM_Base_MspInit	0	static
stm32g0xx_hal_tim.c:394:13:HAL_TIM_Base_MspDeInit	0	static
stm32g0xx_hal_tim.c:336:19:HAL_TIM_Base_DeInit	8	static
stm32g0xx_hal_tim.c:410:19:HAL_TIM_Base_Start	0	static
stm32g0xx_hal_tim.c:449:19:HAL_TIM_Base_Stop	0	static
stm32g0xx_hal_tim.c:469:19:HAL_TIM_Base_Start_IT	0	static
stm32g0xx_hal_tim.c:511:19:HAL_TIM_Base_Stop_IT	0	static
stm32g0xx_hal_tim.c:536:19:HAL_TIM_Base_Start_DMA	16	static
stm32g0xx_hal_tim.c:604:19:HAL_TIM_Base_Stop_DMA	8	static
stm32g0xx_hal_tim.c:761:13:HAL_TIM_OC_MspInit	0	static
stm32g0xx_hal_tim.c:776:13:HAL_TIM_OC_MspDeInit	0	static
stm32g0xx_hal_tim.c:718:19:HAL_TIM_OC_DeInit	8	static
stm32g0xx_hal_tim.c:1402:13:HAL_TIM_PWM_MspInit	0	static
stm32g0xx_hal_tim.c:1417:13:HAL_TIM_PWM_MspDeInit	0	static
stm32g0xx_hal_tim.c:1359:19:HAL_TIM_PWM_DeInit	8	static
stm32g0xx_hal_tim.c:2041:13:HAL_TIM_IC_MspInit	0	static
stm32g0xx_hal_tim.c:2056:13:HAL_TIM_IC_MspDeInit	0	static
stm32g0xx_hal_tim.c:1998:19:HAL_TIM_IC_DeInit	8	static
stm32g0xx_hal_tim.c:2674:13:HAL_TIM_OnePulse_MspInit	0	static
stm32g0xx_hal_tim.c:2689:13:HAL_TIM_OnePulse_MspDeInit	0	static
stm32g0xx_hal_tim.c:2629:19:HAL_TIM_OnePulse_DeInit	8	static
stm32g0xx_hal_tim.c:3106:13:HAL_TIM_Encoder_MspInit	0	static
stm32g0xx_hal_tim.c:3121:13:HAL_TIM_Encoder_MspDeInit	0	static
stm32g0xx_hal_tim.c:3061:19:HAL_TIM_Encoder_DeInit	8	static
stm32g0xx_hal_tim.c:4510:19:HAL_TIM_DMABurst_MultiWriteStart	16	static
stm32g0xx_hal_tim.c:4457:19:HAL_TIM_DMABurst_WriteStart	24	static
stm32g0xx_hal_tim.c:4687:19:HAL_TIM_DMABurst_WriteStop	16	static
stm32g0xx_hal_tim.c:4842:19:HAL_TIM_DMABurst_MultiReadStart	16	static
stm32g0xx_hal_tim.c:4789:19:HAL_TIM_DMABurst_ReadStart	24	static
stm32g0xx_hal_tim.c:5020:19:HAL_TIM_DMABurst_ReadStop	16	static
stm32g0xx_hal_tim.c:5098:19:HAL_TIM_GenerateEvent	0	static
stm32g0xx_hal_tim.c:5467:19:HAL_TIM_ConfigTI1Input	0	static
stm32g0xx_hal_tim.c:5582:10:HAL_TIM_ReadCapturedValue	0	static
stm32g0xx_hal_tim.c:5666:13:HAL_TIM_PeriodElapsedCallback	0	static
stm32g0xx_hal_tim.c:6691:13:TIM_DMAPeriodElapsedCplt	8	static
stm32g0xx_hal_tim.c:5681:13:HAL_TIM_PeriodElapsedHalfCpltCallback	0	static
stm32g0xx_hal_tim.c:6712:13:TIM_DMAPeriodElapsedHalfCplt	8	static
stm32g0xx_hal_tim.c:5696:13:HAL_TIM_OC_DelayElapsedCallback	0	static
stm32g0xx_hal_tim.c:5711:13:HAL_TIM_IC_CaptureCallback	0	static
stm32g0xx_hal_tim.c:6589:6:TIM_DMACaptureCplt	8	static
stm32g0xx_hal_tim.c:5726:13:HAL_TIM_IC_CaptureHalfCpltCallback	0	static
stm32g0xx_hal_tim.c:6652:6:TIM_DMACaptureHalfCplt	8	static
stm32g0xx_hal_tim.c:5741:13:HAL_TIM_PWM_PulseFinishedCallback	0	static
stm32g0xx_hal_tim.c:6491:13:TIM_DMADelayPulseCplt	8	static
stm32g0xx_hal_tim.c:5756:13:HAL_TIM_PWM_PulseFinishedHalfCpltCallback	0	static
stm32g0xx_hal_tim.c:6550:6:TIM_DMADelayPulseHalfCplt	8	static
stm32g0xx_hal_tim.c:5771:13:HAL_TIM_TriggerCallback	0	static
stm32g0xx_hal_tim.c:3745:6:HAL_TIM_IRQHandler	8	static
stm32g0xx_hal_tim.c:6728:13:TIM_DMATriggerCplt	8	static
stm32g0xx_hal_tim.c:5786:13:HAL_TIM_TriggerHalfCpltCallback	0	static
stm32g0xx_hal_tim.c:6749:13:TIM_DMATriggerHalfCplt	8	static
stm32g0xx_hal_tim.c:5801:13:HAL_TIM_ErrorCallback	0	static
stm32g0xx_hal_tim.c:6448:6:TIM_DMAError	8	static
stm32g0xx_hal_tim.c:6328:22:HAL_TIM_Base_GetState	0	static
stm32g0xx_hal_tim.c:6338:22:HAL_TIM_OC_GetState	0	static
stm32g0xx_hal_tim.c:6348:22:HAL_TIM_PWM_GetState	0	static
stm32g0xx_hal_tim.c:6358:22:HAL_TIM_IC_GetState	0	static
stm32g0xx_hal_tim.c:6368:22:HAL_TIM_OnePulse_GetState	0	static
stm32g0xx_hal_tim.c:6378:22:HAL_TIM_Encoder_GetState	0	static
stm32g0xx_hal_tim.c:6388:23:HAL_TIM_GetActiveChannel	0	static
stm32g0xx_hal_tim.c:6406:29:HAL_TIM_GetChannelState	0	static
stm32g0xx_hal_tim.c:6423:30:HAL_TIM_DMABurstState	0	static
stm32g0xx_hal_tim.c:6766:6:TIM_Base_SetConfig	0	static
stm32g0xx_hal_tim.c:277:19:HAL_TIM_Base_Init	16	static
stm32g0xx_hal_tim.c:659:19:HAL_TIM_OC_Init	16	static
stm32g0xx_hal_tim.c:1300:19:HAL_TIM_PWM_Init	16	static
stm32g0xx_hal_tim.c:1939:19:HAL_TIM_IC_Init	16	static
stm32g0xx_hal_tim.c:2561:19:HAL_TIM_OnePulse_Init	16	static
stm32g0xx_hal_tim.c:2947:19:HAL_TIM_Encoder_Init	24	static
stm32g0xx_hal_tim.c:6889:6:TIM_OC2_SetConfig	16	static
stm32g0xx_hal_tim.c:3975:19:HAL_TIM_OC_ConfigChannel	8	static
stm32g0xx_hal_tim.c:4166:19:HAL_TIM_PWM_ConfigChannel	16	static
stm32g0xx_hal_tim.c:7337:6:TIM_TI1_SetConfig	16	static
stm32g0xx_hal_tim.c:4071:19:HAL_TIM_IC_ConfigChannel	24	static
stm32g0xx_hal_tim.c:4311:19:HAL_TIM_OnePulse_ConfigChannel	56	static
stm32g0xx_hal_tim.c:7631:6:TIM_ETR_SetConfig	12	static
stm32g0xx_hal_tim.c:5137:19:HAL_TIM_ConfigOCrefClear	16	static
stm32g0xx_hal_tim.c:5315:19:HAL_TIM_ConfigClockSource	16	static
stm32g0xx_hal_tim.c:7206:26:TIM_SlaveTimer_SetConfig	16	static
stm32g0xx_hal_tim.c:5499:19:HAL_TIM_SlaveConfigSynchro	8	static
stm32g0xx_hal_tim.c:5539:19:HAL_TIM_SlaveConfigSynchro_IT	8	static
stm32g0xx_hal_tim.c:7663:6:TIM_CCxChannelCmd	8	static
stm32g0xx_hal_tim.c:799:19:HAL_TIM_OC_Start	8	static
stm32g0xx_hal_tim.c:855:19:HAL_TIM_OC_Stop	16	static
stm32g0xx_hal_tim.c:890:19:HAL_TIM_OC_Start_IT	8	static
stm32g0xx_hal_tim.c:978:19:HAL_TIM_OC_Stop_IT	16	static
stm32g0xx_hal_tim.c:1049:19:HAL_TIM_OC_Start_DMA	16	static
stm32g0xx_hal_tim.c:1203:19:HAL_TIM_OC_Stop_DMA	16	static
stm32g0xx_hal_tim.c:1440:19:HAL_TIM_PWM_Start	8	static
stm32g0xx_hal_tim.c:1496:19:HAL_TIM_PWM_Stop	16	static
stm32g0xx_hal_tim.c:1531:19:HAL_TIM_PWM_Start_IT	8	static
stm32g0xx_hal_tim.c:1618:19:HAL_TIM_PWM_Stop_IT	16	static
stm32g0xx_hal_tim.c:1689:19:HAL_TIM_PWM_Start_DMA	16	static
stm32g0xx_hal_tim.c:1842:19:HAL_TIM_PWM_Stop_DMA	16	static
stm32g0xx_hal_tim.c:2077:19:HAL_TIM_IC_Start	8	static
stm32g0xx_hal_tim.c:2129:19:HAL_TIM_IC_Stop	16	static
stm32g0xx_hal_tim.c:2159:19:HAL_TIM_IC_Start_IT	8	static
stm32g0xx_hal_tim.c:2244:19:HAL_TIM_IC_Stop_IT	16	static
stm32g0xx_hal_tim.c:2310:19:HAL_TIM_IC_Start_DMA	16	static
stm32g0xx_hal_tim.c:2462:19:HAL_TIM_IC_Stop_DMA	16	static
stm32g0xx_hal_tim.c:2708:19:HAL_TIM_OnePulse_Start	16	static
stm32g0xx_hal_tim.c:2764:19:HAL_TIM_OnePulse_Stop	8	static
stm32g0xx_hal_tim.c:2806:19:HAL_TIM_OnePulse_Start_IT	16	static
stm32g0xx_hal_tim.c:2868:19:HAL_TIM_OnePulse_Stop_IT	8	static
stm32g0xx_hal_tim.c:3141:19:HAL_TIM_Encoder_Start	16	static
stm32g0xx_hal_tim.c:3235:19:HAL_TIM_Encoder_Stop	16	static
stm32g0xx_hal_tim.c:3295:19:HAL_TIM_Encoder_Start_IT	16	static
stm32g0xx_hal_tim.c:3395:19:HAL_TIM_Encoder_Stop_IT	16	static
stm32g0xx_hal_tim.c:3460:19:HAL_TIM_Encoder_Start_DMA	32	static
stm32g0xx_hal_tim.c:3668:19:HAL_TIM_Encoder_Stop_DMA	16	static
