stm32g0xx_it.c:72:6:NMI_Handler	0	static
stm32g0xx_it.c:87:6:HardFault_Handler	0	static
stm32g0xx_it.c:102:6:SVC_Handler	0	static
stm32g0xx_it.c:115:6:PendSV_Handler	0	static
stm32g0xx_it.c:128:6:SysTick_Handler	8	static
stm32g0xx_it.c:149:6:EXTI0_1_IRQHandler	8	static
stm32g0xx_it.c:164:6:EXTI4_15_IRQHandler	8	static
stm32g0xx_it.c:180:6:DMA1_Channel1_IRQHandler	8	static
stm32g0xx_it.c:194:6:DMA1_Channel2_3_IRQHandler	8	static
stm32g0xx_it.c:208:6:TIM1_BRK_UP_TRG_COM_IRQHandler	8	static
