oled.c:36:6:OLED_WR_Byte	24	static
oled.c:9:6:OLED_ColorTurn	8	static
oled.c:22:6:OLED_DisplayTurn	8	static
oled.c:59:6:OLED_DisPlay_On	8	static
oled.c:67:6:OLED_DisPlay_Off	8	static
oled.c:75:6:OLED_Refresh	16	static
oled.c:88:6:OLED_Clear	8	static
oled.c:105:6:OLED_DrawPoint	8	static
oled.c:126:6:OLED_DrawLine	56	static
oled.c:176:6:OLED_DrawCircle	56	static
oled.c:208:6:OLED_ShowChar	48	static
oled.c:262:6:OLED_ShowString	40	static
oled.c:277:10:OLED_Pow	0	static
oled.c:293:6:OLED_ShowNum	48	static
oled.c:317:6:OLED_ShowChinese	72	static
oled.c:365:6:OLED_ScrollDisplay	48	static
oled.c:410:6:OLED_ShowPicture	72	static
oled.c:443:6:OLED_Init	8	static
