oled.c:10:6:OLED_ColorTurn	16	static
oled.c:36:6:OLED_WR_Byte	24	static
oled.c:59:6:OLED_DisPlay_On	8	static
oled.c:67:6:OLED_DisPlay_Off	8	static
oled.c:75:6:OLED_Refresh	16	static
oled.c:88:6:OLED_Clear	16	static
oled.c:105:6:OLED_DrawPoint	32	static
oled.c:134:6:OLED_DrawLine	64	static
oled.c:170:6:OLED_DrawCircle	40	static
oled.c:203:6:OLED_ShowChar	32	static
oled.c:241:6:OLED_ShowString	32	static
oled.c:253:5:OLED_Pow	24	static
oled.c:269:6:OLED_ShowNum	40	static
oled.c:291:6:OLED_ShowChinese	40	static
oled.c:324:6:OLED_ScrollDisplay	40	static
oled.c:366:6:OLED_ShowPicture	40	static
oled.c:397:6:OLED_Init	56	static
