Archive member included to satisfy reference by file (symbol)

F:\Embeded\workspace\STM32CubeIDE\G031\miniOSC\DSP\Lib\GCC\libarm_cortexM0l_math.a(arm_const_structs.o)
                              Core/Src/main.o (arm_cfft_sR_f32_len128)
F:\Embeded\workspace\STM32CubeIDE\G031\miniOSC\DSP\Lib\GCC\libarm_cortexM0l_math.a(arm_common_tables.o)
                              F:\Embeded\workspace\STM32CubeIDE\G031\miniOSC\DSP\Lib\GCC\libarm_cortexM0l_math.a(arm_const_structs.o) (realCoefBQ15)
F:\Embeded\workspace\STM32CubeIDE\G031\miniOSC\DSP\Lib\GCC\libarm_cortexM0l_math.a(arm_max_f32.o)
                              Core/Src/main.o (arm_max_f32)
F:\Embeded\workspace\STM32CubeIDE\G031\miniOSC\DSP\Lib\GCC\libarm_cortexM0l_math.a(arm_cfft_f32.o)
                              Core/Src/main.o (arm_cfft_f32)
F:\Embeded\workspace\STM32CubeIDE\G031\miniOSC\DSP\Lib\GCC\libarm_cortexM0l_math.a(arm_bitreversal2.o)
                              F:\Embeded\workspace\STM32CubeIDE\G031\miniOSC\DSP\Lib\GCC\libarm_cortexM0l_math.a(arm_cfft_f32.o) (arm_bitreversal_32)
F:\Embeded\workspace\STM32CubeIDE\G031\miniOSC\DSP\Lib\GCC\libarm_cortexM0l_math.a(arm_cmplx_mag_f32.o)
                              Core/Src/main.o (arm_cmplx_mag_f32)
F:\Embeded\workspace\STM32CubeIDE\G031\miniOSC\DSP\Lib\GCC\libarm_cortexM0l_math.a(arm_cfft_radix8_f32.o)
                              F:\Embeded\workspace\STM32CubeIDE\G031\miniOSC\DSP\Lib\GCC\libarm_cortexM0l_math.a(arm_cfft_f32.o) (arm_radix8_butterfly_f32)
f:/program/st/stm32cubeide_1.5.0/stm32cubeide/plugins/com.st.stm32cube.ide.mcu.externaltools.gnu-tools-for-stm32.9-2020-q2-update.win32_1.5.0.202011040924/tools/bin/../lib/gcc/arm-none-eabi/9.3.1/../../../../arm-none-eabi/lib/thumb/v6-m/nofp\libc_nano.a(lib_a-errno.o)
                              Core/Src/syscalls.o (__errno)
f:/program/st/stm32cubeide_1.5.0/stm32cubeide/plugins/com.st.stm32cube.ide.mcu.externaltools.gnu-tools-for-stm32.9-2020-q2-update.win32_1.5.0.202011040924/tools/bin/../lib/gcc/arm-none-eabi/9.3.1/../../../../arm-none-eabi/lib/thumb/v6-m/nofp\libc_nano.a(lib_a-exit.o)
                              f:/program/st/stm32cubeide_1.5.0/stm32cubeide/plugins/com.st.stm32cube.ide.mcu.externaltools.gnu-tools-for-stm32.9-2020-q2-update.win32_1.5.0.202011040924/tools/bin/../lib/gcc/arm-none-eabi/9.3.1/../../../../arm-none-eabi/lib/thumb/v6-m/nofp/crt0.o (exit)
f:/program/st/stm32cubeide_1.5.0/stm32cubeide/plugins/com.st.stm32cube.ide.mcu.externaltools.gnu-tools-for-stm32.9-2020-q2-update.win32_1.5.0.202011040924/tools/bin/../lib/gcc/arm-none-eabi/9.3.1/../../../../arm-none-eabi/lib/thumb/v6-m/nofp\libc_nano.a(lib_a-impure.o)
                              f:/program/st/stm32cubeide_1.5.0/stm32cubeide/plugins/com.st.stm32cube.ide.mcu.externaltools.gnu-tools-for-stm32.9-2020-q2-update.win32_1.5.0.202011040924/tools/bin/../lib/gcc/arm-none-eabi/9.3.1/../../../../arm-none-eabi/lib/thumb/v6-m/nofp\libc_nano.a(lib_a-exit.o) (_global_impure_ptr)
f:/program/st/stm32cubeide_1.5.0/stm32cubeide/plugins/com.st.stm32cube.ide.mcu.externaltools.gnu-tools-for-stm32.9-2020-q2-update.win32_1.5.0.202011040924/tools/bin/../lib/gcc/arm-none-eabi/9.3.1/../../../../arm-none-eabi/lib/thumb/v6-m/nofp\libc_nano.a(lib_a-init.o)
                              f:/program/st/stm32cubeide_1.5.0/stm32cubeide/plugins/com.st.stm32cube.ide.mcu.externaltools.gnu-tools-for-stm32.9-2020-q2-update.win32_1.5.0.202011040924/tools/bin/../lib/gcc/arm-none-eabi/9.3.1/../../../../arm-none-eabi/lib/thumb/v6-m/nofp/crt0.o (__libc_init_array)
f:/program/st/stm32cubeide_1.5.0/stm32cubeide/plugins/com.st.stm32cube.ide.mcu.externaltools.gnu-tools-for-stm32.9-2020-q2-update.win32_1.5.0.202011040924/tools/bin/../lib/gcc/arm-none-eabi/9.3.1/../../../../arm-none-eabi/lib/thumb/v6-m/nofp\libc_nano.a(lib_a-memset.o)
                              f:/program/st/stm32cubeide_1.5.0/stm32cubeide/plugins/com.st.stm32cube.ide.mcu.externaltools.gnu-tools-for-stm32.9-2020-q2-update.win32_1.5.0.202011040924/tools/bin/../lib/gcc/arm-none-eabi/9.3.1/../../../../arm-none-eabi/lib/thumb/v6-m/nofp/crt0.o (memset)
f:/program/st/stm32cubeide_1.5.0/stm32cubeide/plugins/com.st.stm32cube.ide.mcu.externaltools.gnu-tools-for-stm32.9-2020-q2-update.win32_1.5.0.202011040924/tools/bin/../lib/gcc/arm-none-eabi/9.3.1/../../../../arm-none-eabi/lib/thumb/v6-m/nofp\libc_nano.a(lib_a-nano-vfprintf_float.o)
                              (_printf_float)
f:/program/st/stm32cubeide_1.5.0/stm32cubeide/plugins/com.st.stm32cube.ide.mcu.externaltools.gnu-tools-for-stm32.9-2020-q2-update.win32_1.5.0.202011040924/tools/bin/../lib/gcc/arm-none-eabi/9.3.1/../../../../arm-none-eabi/lib/thumb/v6-m/nofp\libc_nano.a(lib_a-nano-vfprintf_i.o)
[...]
Memory Configuration

Name             Origin             Length             Attributes
RAM              0x0000000020000000 0x0000000000002000 xrw
FLASH            0x0000000008000000 0x0000000000010000 xr
*default*        0x0000000000000000 0xffffffffffffffff

Linker script and memory map

LOAD f:/program/st/stm32cubeide_1.5.0/stm32cubeide/plugins/com.st.stm32cube.ide.mcu.externaltools.gnu-tools-for-stm32.9-2020-q2-update.win32_1.5.0.202011040924/tools/bin/../lib/gcc/arm-none-eabi/9.3.1/thumb/v6-m/nofp/crti.o
LOAD f:/program/st/stm32cubeide_1.5.0/stm32cubeide/plugins/com.st.stm32cube.ide.mcu.externaltools.gnu-tools-for-stm32.9-2020-q2-update.win32_1.5.0.202011040924/tools/bin/../lib/gcc/arm-none-eabi/9.3.1/thumb/v6-m/nofp/crtbegin.o
LOAD f:/program/st/stm32cubeide_1.5.0/stm32cubeide/plugins/com.st.stm32cube.ide.mcu.externaltools.gnu-tools-for-stm32.9-2020-q2-update.win32_1.5.0.202011040924/tools/bin/../lib/gcc/arm-none-eabi/9.3.1/../../../../arm-none-eabi/lib/thumb/v6-m/nofp/crt0.o
LOAD Core/Src/main.o
LOAD Core/Src/stm32g0xx_hal_msp.o
LOAD Core/Src/stm32g0xx_it.o
LOAD Core/Src/syscalls.o
LOAD Core/Src/sysmem.o
LOAD Core/Src/system_stm32g0xx.o
LOAD Core/Startup/startup_stm32g031g8ux.o
LOAD Drivers/OLED/oled.o
LOAD Drivers/STM32G0xx_HAL_Driver/Src/stm32g0xx_hal.o
LOAD Drivers/STM32G0xx_HAL_Driver/Src/stm32g0xx_hal_adc.o
LOAD Drivers/STM32G0xx_HAL_Driver/Src/stm32g0xx_hal_adc_ex.o
LOAD Drivers/STM32G0xx_HAL_Driver/Src/stm32g0xx_hal_cortex.o
LOAD Drivers/STM32G0xx_HAL_Driver/Src/stm32g0xx_hal_dma.o
LOAD Drivers/STM32G0xx_HAL_Driver/Src/stm32g0xx_hal_dma_ex.o
LOAD Drivers/STM32G0xx_HAL_Driver/Src/stm32g0xx_hal_exti.o
LOAD Drivers/STM32G0xx_HAL_Driver/Src/stm32g0xx_hal_flash.o
LOAD Drivers/STM32G0xx_HAL_Driver/Src/stm32g0xx_hal_flash_ex.o
LOAD Drivers/STM32G0xx_HAL_Driver/Src/stm32g0xx_hal_gpio.o
LOAD Drivers/STM32G0xx_HAL_Driver/Src/stm32g0xx_hal_pwr.o
LOAD Drivers/STM32G0xx_HAL_Driver/Src/stm32g0xx_hal_pwr_ex.o
LOAD Drivers/STM32G0xx_HAL_Driver/Src/stm32g0xx_hal_rcc.o
LOAD Drivers/STM32G0xx_HAL_Driver/Src/stm32g0xx_hal_rcc_ex.o
LOAD Drivers/STM32G0xx_HAL_Driver/Src/stm32g0xx_hal_tim.o
LOAD Drivers/STM32G0xx_HAL_Driver/Src/stm32g0xx_hal_tim_ex.o
LOAD Drivers/STM32G0xx_HAL_Driver/Src/stm32g0xx_hal_uart.o
LOAD Drivers/STM32G0xx_HAL_Driver/Src/stm32g0xx_hal_uart_ex.o
LOAD Drivers/STM32G0xx_HAL_Driver/Src/stm32g0xx_ll_adc.o
LOAD Drivers/STM32G0xx_HAL_Driver/Src/stm32g0xx_ll_dma.o
LOAD Drivers/STM32G0xx_HAL_Driver/Src/stm32g0xx_ll_rcc.o
LOAD F:\Embeded\workspace\STM32CubeIDE\G031\miniOSC\DSP\Lib\GCC\libarm_cortexM0l_math.a
START GROUP
LOAD f:/program/st/stm32cubeide_1.5.0/stm32cubeide/plugins/com.st.stm32cube.ide.mcu.externaltools.gnu-tools-for-stm32.9-2020-q2-update.win32_1.5.0.202011040924/tools/bin/../lib/gcc/arm-none-eabi/9.3.1/../../../../arm-none-eabi/lib/thumb/v6-m/nofp\libc_nano.a
LOAD f:/program/st/stm32cubeide_1.5.0/stm32cubeide/plugins/com.st.stm32cube.ide.mcu.externaltools.gnu-tools-for-stm32.9-2020-q2-update.win32_1.5.0.202011040924/tools/bin/../lib/gcc/arm-none-eabi/9.3.1/../../../../arm-none-eabi/lib/thumb/v6-m/nofp\libm.a
END GROUP
START GROUP
LOAD f:/program/st/stm32cubeide_1.5.0/stm32cubeide/plugins/com.st.stm32cube.ide.mcu.externaltools.gnu-tools-for-stm32.9-2020-q2-update.win32_1.5.0.202011040924/tools/bin/../lib/gcc/arm-none-eabi/9.3.1/thumb/v6-m/nofp\libgcc.a
LOAD f:/program/st/stm32cubeide_1.5.0/stm32cubeide/plugins/com.st.stm32cube.ide.mcu.externaltools.gnu-tools-for-stm32.9-2020-q2-update.win32_1.5.0.202011040924/tools/bin/../lib/gcc/arm-none-eabi/9.3.1/../../../../arm-none-eabi/lib/thumb/v6-m/nofp\libc_nano.a
END GROUP
START GROUP
LOAD f:/program/st/stm32cubeide_1.5.0/stm32cubeide/plugins/com.st.stm32cube.ide.mcu.externaltools.gnu-tools-for-stm32.9-2020-q2-update.win32_1.5.0.202011040924/tools/bin/../lib/gcc/arm-none-eabi/9.3.1/thumb/v6-m/nofp\libgcc.a
LOAD f:/program/st/stm32cubeide_1.5.0/stm32cubeide/plugins/com.st.stm32cube.ide.mcu.externaltools.gnu-tools-for-stm32.9-2020-q2-update.win32_1.5.0.202011040924/tools/bin/../lib/gcc/arm-none-eabi/9.3.1/../../../../arm-none-eabi/lib/thumb/v6-m/nofp\libc_nano.a
LOAD f:/program/st/stm32cubeide_1.5.0/stm32cubeide/plugins/com.st.stm32cube.ide.mcu.externaltools.gnu-tools-for-stm32.9-2020-q2-update.win32_1.5.0.202011040924/tools/bin/../lib/gcc/arm-none-eabi/9.3.1/../../../../arm-none-eabi/lib/thumb/v6-m/nofp\libnosys.a
END GROUP
START GROUP
LOAD f:/program/st/stm32cubeide_1.5.0/stm32cubeide/plugins/com.st.stm32cube.ide.mcu.externaltools.gnu-tools-for-stm32.9-2020-q2-update.win32_1.5.0.202011040924/tools/bin/../lib/gcc/arm-none-eabi/9.3.1/thumb/v6-m/nofp\libgcc.a
LOAD f:/program/st/stm32cubeide_1.5.0/stm32cubeide/plugins/com.st.stm32cube.ide.mcu.externaltools.gnu-tools-for-stm32.9-2020-q2-update.win32_1.5.0.202011040924/tools/bin/../lib/gcc/arm-none-eabi/9.3.1/../../../../arm-none-eabi/lib/thumb/v6-m/nofp\libc_nano.a
LOAD f:/program/st/stm32cubeide_1.5.0/stm32cubeide/plugins/com.st.stm32cube.ide.mcu.externaltools.gnu-tools-for-stm32.9-2020-q2-update.win32_1.5.0.202011040924/tools/bin/../lib/gcc/arm-none-eabi/9.3.1/../../../../arm-none-eabi/lib/thumb/v6-m/nofp\libnosys.a
END GROUP
LOAD f:/program/st/stm32cubeide_1.5.0/stm32cubeide/plugins/com.st.stm32cube.ide.mcu.externaltools.gnu-tools-for-stm32.9-2020-q2-update.win32_1.5.0.202011040924/tools/bin/../lib/gcc/arm-none-eabi/9.3.1/thumb/v6-m/nofp/crtend.o
LOAD f:/program/st/stm32cubeide_1.5.0/stm32cubeide/plugins/com.st.stm32cube.ide.mcu.externaltools.gnu-tools-for-stm32.9-2020-q2-update.win32_1.5.0.202011040924/tools/bin/../lib/gcc/arm-none-eabi/9.3.1/thumb/v6-m/nofp/crtn.o
                0x0000000020002000                _estack = (ORIGIN (RAM) + LENGTH (RAM))
                0x0000000000000200                _Min_Heap_Size = 0x200
                0x0000000000000400                _Min_Stack_Size = 0x400

.isr_vector     0x0000000008000000       0xbc
                0x0000000008000000                . = ALIGN (0x4)
 *(.isr_vector)
 .isr_vector    0x0000000008000000       0xbc Core/Startup/startup_stm32g031g8ux.o
                0x0000000008000000                g_pfnVectors
                0x00000000080000bc                . = ALIGN (0x4)

.text           0x00000000080000bc     0xd220
                0x00000000080000bc                . = ALIGN (0x4)
 *(.text)
 .text          0x00000000080000bc       0x48 f:/program/st/stm32cubeide_1.5.0/stm32cubeide/plugins/com.st.stm32cube.ide.mcu.externaltools.gnu-tools-for-stm32.9-2020-q2-update.win32_1.5.0.202011040924/tools/bin/../lib/gcc/arm-none-eabi/9.3.1/thumb/v6-m/nofp/crtbegin.o
 .text          0x0000000008000104        0xe f:/program/st/stm32cubeide_1.5.0/stm32cubeide/plugins/com.st.stm32cube.ide.mcu.externaltools.gnu-tools-for-stm32.9-2020-q2-update.win32_1.5.0.202011040924/tools/bin/../lib/gcc/arm-none-eabi/9.3.1/../../../../arm-none-eabi/lib/thumb/v6-m/nofp\libc_nano.a(lib_a-strlen.o)
                0x0000000008000104                strlen
 *fill*         0x0000000008000112        0x2 
 .text          0x0000000008000114       0x14 f:/program/st/stm32cubeide_1.5.0/stm32cubeide/plugins/com.st.stm32cube.ide.mcu.externaltools.gnu-tools-for-stm32.9-2020-q2-update.win32_1.5.0.202011040924/tools/bin/../lib/gcc/arm-none-eabi/9.3.1/thumb/v6-m/nofp\libgcc.a(_thumb1_case_uqi.o)
                0x0000000008000114                __gnu_thumb1_case_uqi
 .text          0x0000000008000128       0x14 f:/program/st/stm32cubeide_1.5.0/stm32cubeide/plugins/com.st.stm32cube.ide.mcu.externaltools.gnu-tools-for-stm32.9-2020-q2-update.win32_1.5.0.202011040924/tools/bin/../lib/gcc/arm-none-eabi/9.3.1/thumb/v6-m/nofp\libgcc.a(_thumb1_case_shi.o)
                0x0000000008000128                __gnu_thumb1_case_shi
 .text          0x000000000800013c      0x114 f:/program/st/stm32cubeide_1.5.0/stm32cubeide/plugins/com.st.stm32cube.ide.mcu.externaltools.gnu-tools-for-stm32.9-2020-q2-update.win32_1.5.0.202011040924/tools/bin/../lib/gcc/arm-none-eabi/9.3.1/thumb/v6-m/nofp\libgcc.a(_udivsi3.o)
                0x000000000800013c                __aeabi_uidiv
                0x000000000800013c                __udivsi3
                0x0000000008000248                __aeabi_uidivmod
 .text          0x0000000008000250      0x1d4 f:/program/st/stm32cubeide_1.5.0/stm32cubeide/plugins/com.st.stm32cube.ide.mcu.externaltools.gnu-tools-for-stm32.9-2020-q2-update.win32_1.5.0.202011040924/tools/bin/../lib/gcc/arm-none-eabi/9.3.1/thumb/v6-m/nofp\libgcc.a(_divsi3.o)
                0x0000000008000250                __divsi3
                0x0000000008000250                __aeabi_idiv
                0x000000000800041c                __aeabi_idivmod
 .text          0x0000000008000424        0x4 f:/program/st/stm32cubeide_1.5.0/stm32cubeide/plugins/com.st.stm32cube.ide.mcu.externaltools.gnu-tools-for-stm32.9-2020-q2-update.win32_1.5.0.202011040924/tools/bin/../lib/gcc/arm-none-eabi/9.3.1/thumb/v6-m/nofp\libgcc.a(_dvmd_tls.o)
                0x0000000008000424                __aeabi_idiv0
                0x0000000008000424                __aeabi_ldiv0
 .text          0x0000000008000428       0x7c f:/program/st/stm32cubeide_1.5.0/stm32cubeide/plugins/com.st.stm32cube.ide.mcu.externaltools.gnu-tools-for-stm32.9-2020-q2-update.win32_1.5.0.202011040924/tools/bin/../lib/gcc/arm-none-eabi/9.3.1/thumb/v6-m/nofp\libgcc.a(_arm_cmpdf2.o)
                0x0000000008000428                __aeabi_cdrcmple
                0x0000000008000438                __aeabi_cdcmple
                0x0000000008000438                __aeabi_cdcmpeq
                0x0000000008000448                __aeabi_dcmpeq
                0x0000000008000454                __aeabi_dcmplt
                0x0000000008000468                __aeabi_dcmple
                0x000000000800047c                __aeabi_dcmpgt
                0x0000000008000490                __aeabi_dcmpge
 .text          0x00000000080004a4       0x74 f:/program/st/stm32cubeide_1.5.0/stm32cubeide/plugins/com.st.stm32cube.ide.mcu.externaltools.gnu-tools-for-stm32.9-2020-q2-update.win32_1.5.0.202011040924/tools/bin/../lib/gcc/arm-none-eabi/9.3.1/thumb/v6-m/nofp\libgcc.a(_arm_cmpsf2.o)
                0x00000000080004a4                __aeabi_cfrcmple
                0x00000000080004ac                __aeabi_cfcmpeq
                0x00000000080004ac                __aeabi_cfcmple
                0x00000000080004bc                __aeabi_fcmpeq
                0x00000000080004c8                __aeabi_fcmplt
                0x00000000080004dc                __aeabi_fcmple
                0x00000000080004f0                __aeabi_fcmpgt
                0x0000000008000504                __aeabi_fcmpge
 .text          0x0000000008000518       0x40 f:/program/st/stm32cubeide_1.5.0/stm32cubeide/plugins/com.st.stm32cube.ide.mcu.externaltools.gnu-tools-for-stm32.9-2020-q2-update.win32_1.5.0.202011040924/tools/bin/../lib/gcc/arm-none-eabi/9.3.1/thumb/v6-m/nofp\libgcc.a(_aeabi_uldivmod.o)
                0x0000000008000518                __aeabi_uldivmod
 .text          0x0000000008000558       0x3c f:/program/st/stm32cubeide_1.5.0/stm32cubeide/plugins/com.st.stm32cube.ide.mcu.externaltools.gnu-tools-for-stm32.9-2020-q2-update.win32_1.5.0.202011040924/tools/bin/../lib/gcc/arm-none-eabi/9.3.1/thumb/v6-m/nofp\libgcc.a(_fixunsdfsi.o)
                0x0000000008000558                __aeabi_d2uiz
                0x0000000008000558                __fixunsdfsi
 .text          0x0000000008000594      0x198 f:/program/st/stm32cubeide_1.5.0/stm32cubeide/plugins/com.st.stm32cube.ide.mcu.externaltools.gnu-tools-for-stm32.9-2020-q2-update.win32_1.5.0.202011040924/tools/bin/../lib/gcc/arm-none-eabi/9.3.1/thumb/v6-m/nofp\libgcc.a(_udivmoddi4.o)
                0x0000000008000594                __udivmoddi4
 .text          0x000000000800072c      0x338 f:/program/st/stm32cubeide_1.5.0/stm32cubeide/plugins/com.st.stm32cube.ide.mcu.externaltools.gnu-tools-for-stm32.9-2020-q2-update.win32_1.5.0.202011040924/tools/bin/../lib/gcc/arm-none-eabi/9.3.1/thumb/v6-m/nofp\libgcc.a(addsf3.o)
                0x000000000800072c                __aeabi_fadd
 .text          0x0000000008000a64      0x218 f:/program/st/stm32cubeide_1.5.0/stm32cubeide/plugins/com.st.stm32cube.ide.mcu.externaltools.gnu-tools-for-stm32.9-2020-q2-update.win32_1.5.0.202011040924/tools/bin/../lib/gcc/arm-none-eabi/9.3.1/thumb/v6-m/nofp\libgcc.a(divsf3.o)
                0x0000000008000a64                __aeabi_fdiv
 .text          0x0000000008000c7c       0x50 f:/program/st/stm32cubeide_1.5.0/stm32cubeide/plugins/com.st.stm32cube.ide.mcu.externaltools.gnu-tools-for-stm32.9-2020-q2-update.win32_1.5.0.202011040924/tools/bin/../lib/gcc/arm-none-eabi/9.3.1/thumb/v6-m/nofp\libgcc.a(eqsf2.o)
                0x0000000008000c7c                __eqsf2
                0x0000000008000c7c                __nesf2
 .text          0x0000000008000ccc       0x98 f:/program/st/stm32cubeide_1.5.0/stm32cubeide/plugins/com.st.stm32cube.ide.mcu.externaltools.gnu-tools-for-stm32.9-2020-q2-update.win32_1.5.0.202011040924/tools/bin/../lib/gcc/arm-none-eabi/9.3.1/thumb/v6-m/nofp\libgcc.a(gesf2.o)
                0x0000000008000ccc                __gesf2
                0x0000000008000ccc                __gtsf2
 .text          0x0000000008000d64       0x94 f:/program/st/stm32cubeide_1.5.0/stm32cubeide/plugins/com.st.stm32cube.ide.mcu.externaltools.gnu-tools-for-stm32.9-2020-q2-update.win32_1.5.0.202011040924/tools/bin/../lib/gcc/arm-none-eabi/9.3.1/thumb/v6-m/nofp\libgcc.a(lesf2.o)
                0x0000000008000d64                __ltsf2
                0x0000000008000d64                __lesf2
 .text          0x0000000008000df8      0x234 f:/program/st/stm32cubeide_1.5.0/stm32cubeide/plugins/com.st.stm32cube.ide.mcu.externaltools.gnu-tools-for-stm32.9-2020-q2-update.win32_1.5.0.202011040924/tools/bin/../lib/gcc/arm-none-eabi/9.3.1/thumb/v6-m/nofp\libgcc.a(mulsf3.o)
                0x0000000008000df8                __aeabi_fmul
 .text          0x000000000800102c      0x390 f:/program/st/stm32cubeide_1.5.0/stm32cubeide/plugins/com.st.stm32cube.ide.mcu.externaltools.gnu-tools-for-stm32.9-2020-q2-update.win32_1.5.0.202011040924/tools/bin/../lib/gcc/arm-none-eabi/9.3.1/thumb/v6-m/nofp\libgcc.a(subsf3.o)
                0x000000000800102c                __aeabi_fsub
 .text          0x00000000080013bc       0x2c f:/program/st/stm32cubeide_1.5.0/stm32cubeide/plugins/com.st.stm32cube.ide.mcu.externaltools.gnu-tools-for-stm32.9-2020-q2-update.win32_1.5.0.202011040924/tools/bin/../lib/gcc/arm-none-eabi/9.3.1/thumb/v6-m/nofp\libgcc.a(unordsf2.o)
                0x00000000080013bc                __aeabi_fcmpun
 .text          0x00000000080013e8       0x40 f:/program/st/stm32cubeide_1.5.0/stm32cubeide/plugins/com.st.stm32cube.ide.mcu.externaltools.gnu-tools-for-stm32.9-2020-q2-update.win32_1.5.0.202011040924/tools/bin/../lib/gcc/arm-none-eabi/9.3.1/thumb/v6-m/nofp\libgcc.a(fixsfsi.o)
                0x00000000080013e8                __aeabi_f2iz
 .text          0x0000000008001428       0x8c f:/program/st/stm32cubeide_1.5.0/stm32cubeide/plugins/com.st.stm32cube.ide.mcu.externaltools.gnu-tools-for-stm32.9-2020-q2-update.win32_1.5.0.202011040924/tools/bin/../lib/gcc/arm-none-eabi/9.3.1/thumb/v6-m/nofp\libgcc.a(floatsisf.o)
                0x0000000008001428                __aeabi_i2f
 .text          0x00000000080014b4       0x78 f:/program/st/stm32cubeide_1.5.0/stm32cubeide/plugins/com.st.stm32cube.ide.mcu.externaltools.gnu-tools-for-stm32.9-2020-q2-update.win32_1.5.0.202011040924/tools/bin/../lib/gcc/arm-none-eabi/9.3.1/thumb/v6-m/nofp\libgcc.a(floatunsisf.o)
                0x00000000080014b4                __aeabi_ui2f
 .text          0x000000000800152c      0x6d4 f:/program/st/stm32cubeide_1.5.0/stm32cubeide/plugins/com.st.stm32cube.ide.mcu.externaltools.gnu-tools-for-stm32.9-2020-q2-update.win32_1.5.0.202011040924/tools/bin/../lib/gcc/arm-none-eabi/9.3.1/thumb/v6-m/nofp\libgcc.a(adddf3.o)
                0x000000000800152c                __aeabi_dadd
 .text          0x0000000008001c00      0x5d0 f:/program/st/stm32cubeide_1.5.0/stm32cubeide/plugins/com.st.stm32cube.ide.mcu.externaltools.gnu-tools-for-stm32.9-2020-q2-update.win32_1.5.0.202011040924/tools/bin/../lib/gcc/arm-none-eabi/9.3.1/thumb/v6-m/nofp\libgcc.a(divdf3.o)
                0x0000000008001c00                __aeabi_ddiv
 .text          0x00000000080021d0       0x78 f:/program/st/stm32cubeide_1.5.0/stm32cubeide/plugins/com.st.stm32cube.ide.mcu.externaltools.gnu-tools-for-stm32.9-2020-q2-update.win32_1.5.0.202011040924/tools/bin/../lib/gcc/arm-none-eabi/9.3.1/thumb/v6-m/nofp\libgcc.a(eqdf2.o)
                0x00000000080021d0                __nedf2
                0x00000000080021d0                __eqdf2
 .text          0x0000000008002248       0xe4 f:/program/st/stm32cubeide_1.5.0/stm32cubeide/plugins/com.st.stm32cube.ide.mcu.externaltools.gnu-tools-for-stm32.9-2020-q2-update.win32_1.5.0.202011040924/tools/bin/../lib/gcc/arm-none-eabi/9.3.1/thumb/v6-m/nofp\libgcc.a(gedf2.o)
                0x0000000008002248                __gedf2
                0x0000000008002248                __gtdf2
 .text          0x000000000800232c       0xe0 f:/program/st/stm32cubeide_1.5.0/stm32cubeide/plugins/com.st.stm32cube.ide.mcu.externaltools.gnu-tools-for-stm32.9-2020-q2-update.win32_1.5.0.202011040924/tools/bin/../lib/gcc/arm-none-eabi/9.3.1/thumb/v6-m/nofp\libgcc.a(ledf2.o)
                0x000000000800232c                __ledf2
                0x000000000800232c                __ltdf2
 .text          0x000000000800240c      0x4d8 f:/program/st/stm32cubeide_1.5.0/stm32cubeide/plugins/com.st.stm32cube.ide.mcu.externaltools.gnu-tools-for-stm32.9-2020-q2-update.win32_1.5.0.202011040924/tools/bin/../lib/gcc/arm-none-eabi/9.3.1/thumb/v6-m/nofp\libgcc.a(muldf3.o)
                0x000000000800240c                __aeabi_dmul
 .text          0x00000000080028e4      0x724 f:/program/st/stm32cubeide_1.5.0/stm32cubeide/plugins/com.st.stm32cube.ide.mcu.externaltools.gnu-tools-for-stm32.9-2020-q2-update.win32_1.5.0.202011040924/tools/bin/../lib/gcc/arm-none-eabi/9.3.1/thumb/v6-m/nofp\libgcc.a(subdf3.o)
                0x00000000080028e4                __aeabi_dsub
 .text          0x0000000008003008       0x3c f:/program/st/stm32cubeide_1.5.0/stm32cubeide/plugins/com.st.stm32cube.ide.mcu.externaltools.gnu-tools-for-stm32.9-2020-q2-update.win32_1.5.0.202011040924/tools/bin/../lib/gcc/arm-none-eabi/9.3.1/thumb/v6-m/nofp\libgcc.a(unorddf2.o)
                0x0000000008003008                __aeabi_dcmpun
 .text          0x0000000008003044       0x6c f:/program/st/stm32cubeide_1.5.0/stm32cubeide/plugins/com.st.stm32cube.ide.mcu.externaltools.gnu-tools-for-stm32.9-2020-q2-update.win32_1.5.0.202011040924/tools/bin/../lib/gcc/arm-none-eabi/9.3.1/thumb/v6-m/nofp\libgcc.a(fixdfsi.o)
                0x0000000008003044                __aeabi_d2iz
 .text          0x00000000080030b0       0x60 f:/program/st/stm32cubeide_1.5.0/stm32cubeide/plugins/com.st.stm32cube.ide.mcu.externaltools.gnu-tools-for-stm32.9-2020-q2-update.win32_1.5.0.202011040924/tools/bin/../lib/gcc/arm-none-eabi/9.3.1/thumb/v6-m/nofp\libgcc.a(floatsidf.o)
                0x00000000080030b0                __aeabi_i2d
 .text          0x0000000008003110       0x4c f:/program/st/stm32cubeide_1.5.0/stm32cubeide/plugins/com.st.stm32cube.ide.mcu.externaltools.gnu-tools-for-stm32.9-2020-q2-update.win32_1.5.0.202011040924/tools/bin/../lib/gcc/arm-none-eabi/9.3.1/thumb/v6-m/nofp\libgcc.a(floatunsidf.o)
                0x0000000008003110                __aeabi_ui2d
 .text          0x000000000800315c       0x90 f:/program/st/stm32cubeide_1.5.0/stm32cubeide/plugins/com.st.stm32cube.ide.mcu.externaltools.gnu-tools-for-stm32.9-2020-q2-update.win32_1.5.0.202011040924/tools/bin/../lib/gcc/arm-none-eabi/9.3.1/thumb/v6-m/nofp\libgcc.a(extendsfdf2.o)
                0x000000000800315c                __aeabi_f2d
 .text          0x00000000080031ec      0x110 f:/program/st/stm32cubeide_1.5.0/stm32cubeide/plugins/com.st.stm32cube.ide.mcu.externaltools.gnu-tools-for-stm32.9-2020-q2-update.win32_1.5.0.202011040924/tools/bin/../lib/gcc/arm-none-eabi/9.3.1/thumb/v6-m/nofp\libgcc.a(truncdfsf2.o)
                0x00000000080031ec                __aeabi_d2f
 .text          0x00000000080032fc       0x3c f:/program/st/stm32cubeide_1.5.0/stm32cubeide/plugins/com.st.stm32cube.ide.mcu.externaltools.gnu-tools-for-stm32.9-2020-q2-update.win32_1.5.0.202011040924/tools/bin/../lib/gcc/arm-none-eabi/9.3.1/thumb/v6-m/nofp\libgcc.a(_clzsi2.o)
                0x00000000080032fc                __clzsi2
 .text          0x0000000008003338       0x18 f:/program/st/stm32cubeide_1.5.0/stm32cubeide/plugins/com.st.stm32cube.ide.mcu.externaltools.gnu-tools-for-stm32.9-2020-q2-update.win32_1.5.0.202011040924/tools/bin/../lib/gcc/arm-none-eabi/9.3.1/thumb/v6-m/nofp\libgcc.a(_clzdi2.o)
                0x0000000008003338                __clzdi2
 *(.text*)
 .text.Update_DDS
                0x0000000008003350      0x19c Core/Src/main.o
                0x0000000008003350                Update_DDS
 .text.SystemClock_Config
                0x00000000080034ec       0xa8 Core/Src/main.o
                0x00000000080034ec                SystemClock_Config
 .text.main     0x0000000008003594     0x14ac Core/Src/main.o
                0x0000000008003594                main
 .text.HAL_GPIO_EXTI_Falling_Callback
                0x0000000008004a40       0x64 Core/Src/main.o
                0x0000000008004a40                HAL_GPIO_EXTI_Falling_Callback
 .text.HAL_TIM_PeriodElapsedCallback
                0x0000000008004aa4       0x44 Core/Src/main.o
                0x0000000008004aa4                HAL_TIM_PeriodElapsedCallback
 .text.HAL_ADC_ConvCpltCallback
                0x0000000008004ae8       0x18 Core/Src/main.o
                0x0000000008004ae8                HAL_ADC_ConvCpltCallback
 .text.HAL_ADC_ErrorCallback
                0x0000000008004b00        0x4 Core/Src/main.o
                0x0000000008004b00                HAL_ADC_ErrorCallback
 .text.__io_putchar
                0x0000000008004b04       0x20 Core/Src/main.o
                0x0000000008004b04                __io_putchar
 .text.Error_Handler
                0x0000000008004b24        0x4 Core/Src/main.o
                0x0000000008004b24                Error_Handler
 .text.HAL_MspInit
                0x0000000008004b28       0x30 Core/Src/stm32g0xx_hal_msp.o
                0x0000000008004b28                HAL_MspInit
 .text.HAL_ADC_MspInit
                0x0000000008004b58       0xa0 Core/Src/stm32g0xx_hal_msp.o
                0x0000000008004b58                HAL_ADC_MspInit
 .text.HAL_UART_MspInit
                0x0000000008004bf8       0x68 Core/Src/stm32g0xx_hal_msp.o
                0x0000000008004bf8                HAL_UART_MspInit
 .text.HAL_TIM_Base_MspInit
                0x0000000008004c60       0xdc Core/Src/stm32g0xx_hal_msp.o
                0x0000000008004c60                HAL_TIM_Base_MspInit
 .text.HAL_TIM_MspPostInit
                0x0000000008004d3c       0xf8 Core/Src/stm32g0xx_hal_msp.o
                0x0000000008004d3c                HAL_TIM_MspPostInit
 .text.NMI_Handler
                0x0000000008004e34        0x2 Core/Src/stm32g0xx_it.o
                0x0000000008004e34                NMI_Handler
 .text.HardFault_Handler
                0x0000000008004e36        0x2 Core/Src/stm32g0xx_it.o
                0x0000000008004e36                HardFault_Handler
 .text.SVC_Handler
                0x0000000008004e38        0x2 Core/Src/stm32g0xx_it.o
                0x0000000008004e38                SVC_Handler
 .text.PendSV_Handler
                0x0000000008004e3a        0x2 Core/Src/stm32g0xx_it.o
                0x0000000008004e3a                PendSV_Handler
 .text.SysTick_Handler
                0x0000000008004e3c        0x8 Core/Src/stm32g0xx_it.o
                0x0000000008004e3c                SysTick_Handler
 .text.EXTI0_1_IRQHandler
                0x0000000008004e44       0x10 Core/Src/stm32g0xx_it.o
                0x0000000008004e44                EXTI0_1_IRQHandler
 .text.EXTI4_15_IRQHandler
                0x0000000008004e54       0x1a Core/Src/stm32g0xx_it.o
                0x0000000008004e54                EXTI4_15_IRQHandler
 *fill*         0x0000000008004e6e        0x2 
 .text.DMA1_Channel1_IRQHandler
                0x0000000008004e70       0x10 Core/Src/stm32g0xx_it.o
                0x0000000008004e70                DMA1_Channel1_IRQHandler
 .text.DMA1_Channel2_3_IRQHandler
                0x0000000008004e80       0x10 Core/Src/stm32g0xx_it.o
                0x0000000008004e80                DMA1_Channel2_3_IRQHandler
 .text.TIM1_BRK_UP_TRG_COM_IRQHandler
                0x0000000008004e90       0x10 Core/Src/stm32g0xx_it.o
                0x0000000008004e90                TIM1_BRK_UP_TRG_COM_IRQHandler
 .text._getpid  0x0000000008004ea0        0x4 Core/Src/syscalls.o
                0x0000000008004ea0                _getpid
 .text._kill    0x0000000008004ea4       0x10 Core/Src/syscalls.o
                0x0000000008004ea4                _kill
 .text._exit    0x0000000008004eb4        0xc Core/Src/syscalls.o
                0x0000000008004eb4                _exit
 .text._read    0x0000000008004ec0       0x1a Core/Src/syscalls.o
                0x0000000008004ec0                _read
 .text._write   0x0000000008004eda       0x1a Core/Src/syscalls.o
                0x0000000008004eda                _write
 .text._close   0x0000000008004ef4        0x6 Core/Src/syscalls.o
                0x0000000008004ef4                _close
 .text._fstat   0x0000000008004efa        0xa Core/Src/syscalls.o
                0x0000000008004efa                _fstat
 .text._isatty  0x0000000008004f04        0x4 Core/Src/syscalls.o
                0x0000000008004f04                _isatty
 .text._lseek   0x0000000008004f08        0x4 Core/Src/syscalls.o
                0x0000000008004f08                _lseek
 .text._sbrk    0x0000000008004f0c       0x48 Core/Src/sysmem.o
                0x0000000008004f0c                _sbrk
 .text.SystemInit
                0x0000000008004f54       0x10 Core/Src/system_stm32g0xx.o
                0x0000000008004f54                SystemInit
 .text.Reset_Handler
                0x0000000008004f64       0x50 Core/Startup/startup_stm32g031g8ux.o
                0x0000000008004f64                Reset_Handler
 .text.Default_Handler
                0x0000000008004fb4        0x2 Core/Startup/startup_stm32g031g8ux.o
                0x0000000008004fb4                TIM1_CC_IRQHandler
                0x0000000008004fb4                PVD_IRQHandler
                0x0000000008004fb4                I2C1_IRQHandler
                0x0000000008004fb4                LPTIM2_IRQHandler
                0x0000000008004fb4                RTC_TAMP_IRQHandler
                0x0000000008004fb4                SPI1_IRQHandler
                0x0000000008004fb4                DMA1_Ch4_5_DMAMUX1_OVR_IRQHandler
                0x0000000008004fb4                EXTI2_3_IRQHandler
                0x0000000008004fb4                ADC1_IRQHandler
                0x0000000008004fb4                I2C2_IRQHandler
                0x0000000008004fb4                TIM17_IRQHandler
                0x0000000008004fb4                TIM16_IRQHandler
                0x0000000008004fb4                TIM3_IRQHandler
                0x0000000008004fb4                RCC_IRQHandler
                0x0000000008004fb4                Default_Handler
                0x0000000008004fb4                TIM14_IRQHandler
                0x0000000008004fb4                SPI2_IRQHandler
                0x0000000008004fb4                WWDG_IRQHandler
                0x0000000008004fb4                LPUART1_IRQHandler
                0x0000000008004fb4                TIM2_IRQHandler
                0x0000000008004fb4                USART2_IRQHandler
                0x0000000008004fb4                FLASH_IRQHandler
                0x0000000008004fb4                USART1_IRQHandler
                0x0000000008004fb4                LPTIM1_IRQHandler
 *fill*         0x0000000008004fb6        0x2 
 .text.OLED_WR_Byte
                0x0000000008004fb8       0x88 Drivers/OLED/oled.o
                0x0000000008004fb8                OLED_WR_Byte
 .text.OLED_Refresh
                0x0000000008005040       0x4c Drivers/OLED/oled.o
                0x0000000008005040                OLED_Refresh
 .text.OLED_Clear
                0x000000000800508c       0x34 Drivers/OLED/oled.o
                0x000000000800508c                OLED_Clear
 .text.OLED_DrawPoint
                0x00000000080050c0       0x34 Drivers/OLED/oled.o
                0x00000000080050c0                OLED_DrawPoint
 .text.OLED_DrawLine
                0x00000000080050f4       0xd4 Drivers/OLED/oled.o
                0x00000000080050f4                OLED_DrawLine
 .text.OLED_ShowChar
                0x00000000080051c8       0x98 Drivers/OLED/oled.o
                0x00000000080051c8                OLED_ShowChar
 .text.OLED_ShowString
                0x0000000008005260       0x5a Drivers/OLED/oled.o
                0x0000000008005260                OLED_ShowString
 .text.OLED_Init
                0x00000000080052ba      0x100 Drivers/OLED/oled.o
                0x00000000080052ba                OLED_Init
 *fill*         0x00000000080053ba        0x2 
 .text.HAL_InitTick
                0x00000000080053bc       0x50 Drivers/STM32G0xx_HAL_Driver/Src/stm32g0xx_hal.o
                0x00000000080053bc                HAL_InitTick
 .text.HAL_Init
                0x000000000800540c       0x28 Drivers/STM32G0xx_HAL_Driver/Src/stm32g0xx_hal.o
                0x000000000800540c                HAL_Init
 .text.HAL_IncTick
                0x0000000008005434       0x18 Drivers/STM32G0xx_HAL_Driver/Src/stm32g0xx_hal.o
                0x0000000008005434                HAL_IncTick
 .text.HAL_GetTick
                0x000000000800544c        0xc Drivers/STM32G0xx_HAL_Driver/Src/stm32g0xx_hal.o
                0x000000000800544c                HAL_GetTick
 .text.HAL_ADC_Init
                0x0000000008005458      0x27c Drivers/STM32G0xx_HAL_Driver/Src/stm32g0xx_hal_adc.o
                0x0000000008005458                HAL_ADC_Init
 .text.HAL_ADC_ConvHalfCpltCallback
                0x00000000080056d4        0x2 Drivers/STM32G0xx_HAL_Driver/Src/stm32g0xx_hal_adc.o
                0x00000000080056d4                HAL_ADC_ConvHalfCpltCallback
 .text.ADC_DMAHalfConvCplt
                0x00000000080056d6        0xa Drivers/STM32G0xx_HAL_Driver/Src/stm32g0xx_hal_adc.o
 .text.ADC_DMAError
                0x00000000080056e0       0x1a Drivers/STM32G0xx_HAL_Driver/Src/stm32g0xx_hal_adc.o
 *fill*         0x00000000080056fa        0x2 
 .text.ADC_DMAConvCplt
                0x00000000080056fc       0x80 Drivers/STM32G0xx_HAL_Driver/Src/stm32g0xx_hal_adc.o
 .text.HAL_ADC_ConfigChannel
                0x000000000800577c      0x278 Drivers/STM32G0xx_HAL_Driver/Src/stm32g0xx_hal_adc.o
                0x000000000800577c                HAL_ADC_ConfigChannel
 .text.ADC_ConversionStop
                0x00000000080059f4       0x58 Drivers/STM32G0xx_HAL_Driver/Src/stm32g0xx_hal_adc.o
                0x00000000080059f4                ADC_ConversionStop
 .text.ADC_Enable
                0x0000000008005a4c       0xc8 Drivers/STM32G0xx_HAL_Driver/Src/stm32g0xx_hal_adc.o
                0x0000000008005a4c                ADC_Enable
 .text.HAL_ADC_Start_DMA
                0x0000000008005b14       0xbc Drivers/STM32G0xx_HAL_Driver/Src/stm32g0xx_hal_adc.o
                0x0000000008005b14                HAL_ADC_Start_DMA
 .text.ADC_Disable
                0x0000000008005bd0       0x7c Drivers/STM32G0xx_HAL_Driver/Src/stm32g0xx_hal_adc.o
                0x0000000008005bd0                ADC_Disable
 .text.HAL_ADC_Stop_DMA
                0x0000000008005c4c       0x84 Drivers/STM32G0xx_HAL_Driver/Src/stm32g0xx_hal_adc.o
                0x0000000008005c4c                HAL_ADC_Stop_DMA
 .text.HAL_ADCEx_Calibration_Start
                0x0000000008005cd0       0xa8 Drivers/STM32G0xx_HAL_Driver/Src/stm32g0xx_hal_adc_ex.o
                0x0000000008005cd0                HAL_ADCEx_Calibration_Start
 .text.HAL_NVIC_SetPriority
                0x0000000008005d78       0x64 Drivers/STM32G0xx_HAL_Driver/Src/stm32g0xx_hal_cortex.o
                0x0000000008005d78                HAL_NVIC_SetPriority
 .text.HAL_NVIC_EnableIRQ
                0x0000000008005ddc       0x18 Drivers/STM32G0xx_HAL_Driver/Src/stm32g0xx_hal_cortex.o
                0x0000000008005ddc                HAL_NVIC_EnableIRQ
 .text.HAL_SYSTICK_Config
                0x0000000008005df4       0x38 Drivers/STM32G0xx_HAL_Driver/Src/stm32g0xx_hal_cortex.o
                0x0000000008005df4                HAL_SYSTICK_Config
 .text.DMA_SetConfig
                0x0000000008005e2c       0x48 Drivers/STM32G0xx_HAL_Driver/Src/stm32g0xx_hal_dma.o
 .text.DMA_CalcDMAMUXChannelBaseAndMask
                0x0000000008005e74       0x34 Drivers/STM32G0xx_HAL_Driver/Src/stm32g0xx_hal_dma.o
 .text.HAL_DMA_Init
                0x0000000008005ea8       0xc8 Drivers/STM32G0xx_HAL_Driver/Src/stm32g0xx_hal_dma.o
                0x0000000008005ea8                HAL_DMA_Init
 .text.HAL_DMA_Start_IT
                0x0000000008005f70       0x9c Drivers/STM32G0xx_HAL_Driver/Src/stm32g0xx_hal_dma.o
                0x0000000008005f70                HAL_DMA_Start_IT
 .text.HAL_DMA_Abort
                0x000000000800600c       0x80 Drivers/STM32G0xx_HAL_Driver/Src/stm32g0xx_hal_dma.o
                0x000000000800600c                HAL_DMA_Abort
 .text.HAL_DMA_IRQHandler
                0x000000000800608c       0xcc Drivers/STM32G0xx_HAL_Driver/Src/stm32g0xx_hal_dma.o
                0x000000000800608c                HAL_DMA_IRQHandler
 .text.HAL_GPIO_Init
                0x0000000008006158      0x1b0 Drivers/STM32G0xx_HAL_Driver/Src/stm32g0xx_hal_gpio.o
                0x0000000008006158                HAL_GPIO_Init
 .text.HAL_GPIO_WritePin
                0x0000000008006308        0xc Drivers/STM32G0xx_HAL_Driver/Src/stm32g0xx_hal_gpio.o
                0x0000000008006308                HAL_GPIO_WritePin
 .text.HAL_GPIO_EXTI_Rising_Callback
                0x0000000008006314        0x2 Drivers/STM32G0xx_HAL_Driver/Src/stm32g0xx_hal_gpio.o
                0x0000000008006314                HAL_GPIO_EXTI_Rising_Callback
 *fill*         0x0000000008006316        0x2 
 .text.HAL_GPIO_EXTI_IRQHandler
                0x0000000008006318       0x30 Drivers/STM32G0xx_HAL_Driver/Src/stm32g0xx_hal_gpio.o
                0x0000000008006318                HAL_GPIO_EXTI_IRQHandler
 .text.HAL_PWREx_ControlVoltageScaling
                0x0000000008006348       0x64 Drivers/STM32G0xx_HAL_Driver/Src/stm32g0xx_hal_pwr_ex.o
                0x0000000008006348                HAL_PWREx_ControlVoltageScaling
 .text.HAL_RCC_OscConfig
                0x00000000080063ac      0x52c Drivers/STM32G0xx_HAL_Driver/Src/stm32g0xx_hal_rcc.o
                0x00000000080063ac                HAL_RCC_OscConfig
 .text.HAL_RCC_GetSysClockFreq
                0x00000000080068d8       0xac Drivers/STM32G0xx_HAL_Driver/Src/stm32g0xx_hal_rcc.o
                0x00000000080068d8                HAL_RCC_GetSysClockFreq
 .text.HAL_RCC_ClockConfig
                0x0000000008006984      0x1a8 Drivers/STM32G0xx_HAL_Driver/Src/stm32g0xx_hal_rcc.o
                0x0000000008006984                HAL_RCC_ClockConfig
 .text.HAL_RCC_GetPCLK1Freq
                0x0000000008006b2c       0x28 Drivers/STM32G0xx_HAL_Driver/Src/stm32g0xx_hal_rcc.o
                0x0000000008006b2c                HAL_RCC_GetPCLK1Freq
 .text.HAL_RCCEx_PeriphCLKConfig
                0x0000000008006b54      0x20c Drivers/STM32G0xx_HAL_Driver/Src/stm32g0xx_hal_rcc_ex.o
                0x0000000008006b54                HAL_RCCEx_PeriphCLKConfig
 .text.TIM_OC1_SetConfig
                0x0000000008006d60       0x88 Drivers/STM32G0xx_HAL_Driver/Src/stm32g0xx_hal_tim.o
 .text.TIM_OC3_SetConfig
                0x0000000008006de8       0x84 Drivers/STM32G0xx_HAL_Driver/Src/stm32g0xx_hal_tim.o
 .text.TIM_OC4_SetConfig
                0x0000000008006e6c       0x68 Drivers/STM32G0xx_HAL_Driver/Src/stm32g0xx_hal_tim.o
 .text.TIM_OC5_SetConfig
                0x0000000008006ed4       0x64 Drivers/STM32G0xx_HAL_Driver/Src/stm32g0xx_hal_tim.o
 .text.TIM_OC6_SetConfig
                0x0000000008006f38       0x68 Drivers/STM32G0xx_HAL_Driver/Src/stm32g0xx_hal_tim.o
 .text.HAL_TIM_Base_Start_IT
                0x0000000008006fa0       0x6c Drivers/STM32G0xx_HAL_Driver/Src/stm32g0xx_hal_tim.o
                0x0000000008006fa0                HAL_TIM_Base_Start_IT
 .text.HAL_TIM_PWM_MspInit
                0x000000000800700c        0x2 Drivers/STM32G0xx_HAL_Driver/Src/stm32g0xx_hal_tim.o
                0x000000000800700c                HAL_TIM_PWM_MspInit
 .text.HAL_TIM_OC_DelayElapsedCallback
                0x000000000800700e        0x2 Drivers/STM32G0xx_HAL_Driver/Src/stm32g0xx_hal_tim.o
                0x000000000800700e                HAL_TIM_OC_DelayElapsedCallback
 .text.HAL_TIM_IC_CaptureCallback
                0x0000000008007010        0x2 Drivers/STM32G0xx_HAL_Driver/Src/stm32g0xx_hal_tim.o
                0x0000000008007010                HAL_TIM_IC_CaptureCallback
 .text.HAL_TIM_PWM_PulseFinishedCallback
                0x0000000008007012        0x2 Drivers/STM32G0xx_HAL_Driver/Src/stm32g0xx_hal_tim.o
                0x0000000008007012                HAL_TIM_PWM_PulseFinishedCallback
 .text.HAL_TIM_TriggerCallback
                0x0000000008007014        0x2 Drivers/STM32G0xx_HAL_Driver/Src/stm32g0xx_hal_tim.o
                0x0000000008007014                HAL_TIM_TriggerCallback
 *fill*         0x0000000008007016        0x2 
 .text.HAL_TIM_IRQHandler
                0x0000000008007018      0x178 Drivers/STM32G0xx_HAL_Driver/Src/stm32g0xx_hal_tim.o
                0x0000000008007018                HAL_TIM_IRQHandler
 .text.TIM_Base_SetConfig
                0x0000000008007190       0xe8 Drivers/STM32G0xx_HAL_Driver/Src/stm32g0xx_hal_tim.o
                0x0000000008007190                TIM_Base_SetConfig
 .text.HAL_TIM_Base_Init
                0x0000000008007278       0x60 Drivers/STM32G0xx_HAL_Driver/Src/stm32g0xx_hal_tim.o
                0x0000000008007278                HAL_TIM_Base_Init
 .text.HAL_TIM_PWM_Init
                0x00000000080072d8       0x60 Drivers/STM32G0xx_HAL_Driver/Src/stm32g0xx_hal_tim.o
                0x00000000080072d8                HAL_TIM_PWM_Init
 .text.TIM_OC2_SetConfig
                0x0000000008007338       0x78 Drivers/STM32G0xx_HAL_Driver/Src/stm32g0xx_hal_tim.o
                0x0000000008007338                TIM_OC2_SetConfig
 .text.HAL_TIM_PWM_ConfigChannel
                0x00000000080073b0      0x134 Drivers/STM32G0xx_HAL_Driver/Src/stm32g0xx_hal_tim.o
                0x00000000080073b0                HAL_TIM_PWM_ConfigChannel
 .text.TIM_ETR_SetConfig
                0x00000000080074e4       0x18 Drivers/STM32G0xx_HAL_Driver/Src/stm32g0xx_hal_tim.o
                0x00000000080074e4                TIM_ETR_SetConfig
 .text.HAL_TIM_ConfigClockSource
                0x00000000080074fc      0x158 Drivers/STM32G0xx_HAL_Driver/Src/stm32g0xx_hal_tim.o
                0x00000000080074fc                HAL_TIM_ConfigClockSource
 .text.TIM_CCxChannelCmd
                0x0000000008007654       0x1a Drivers/STM32G0xx_HAL_Driver/Src/stm32g0xx_hal_tim.o
                0x0000000008007654                TIM_CCxChannelCmd
 *fill*         0x000000000800766e        0x2 
 .text.HAL_TIM_PWM_Start
                0x0000000008007670      0x110 Drivers/STM32G0xx_HAL_Driver/Src/stm32g0xx_hal_tim.o
                0x0000000008007670                HAL_TIM_PWM_Start
 .text.HAL_TIMEx_MasterConfigSynchronization
                0x0000000008007780       0x78 Drivers/STM32G0xx_HAL_Driver/Src/stm32g0xx_hal_tim_ex.o
                0x0000000008007780                HAL_TIMEx_MasterConfigSynchronization
 .text.HAL_TIMEx_ConfigBreakDeadTime
                0x00000000080077f8       0xc4 Drivers/STM32G0xx_HAL_Driver/Src/stm32g0xx_hal_tim_ex.o
                0x00000000080077f8                HAL_TIMEx_ConfigBreakDeadTime
 .text.HAL_TIMEx_CommutCallback
                0x00000000080078bc        0x2 Drivers/STM32G0xx_HAL_Driver/Src/stm32g0xx_hal_tim_ex.o
                0x00000000080078bc                HAL_TIMEx_CommutCallback
 .text.HAL_TIMEx_BreakCallback
                0x00000000080078be        0x2 Drivers/STM32G0xx_HAL_Driver/Src/stm32g0xx_hal_tim_ex.o
                0x00000000080078be                HAL_TIMEx_BreakCallback
 .text.HAL_TIMEx_Break2Callback
                0x00000000080078c0        0x2 Drivers/STM32G0xx_HAL_Driver/Src/stm32g0xx_hal_tim_ex.o
                0x00000000080078c0                HAL_TIMEx_Break2Callback
 *fill*         0x00000000080078c2        0x2 
 .text.UART_SetConfig
                0x00000000080078c4      0x290 Drivers/STM32G0xx_HAL_Driver/Src/stm32g0xx_hal_uart.o
                0x00000000080078c4                UART_SetConfig
 .text.UART_AdvFeatureConfig
                0x0000000008007b54       0xe0 Drivers/STM32G0xx_HAL_Driver/Src/stm32g0xx_hal_uart.o
                0x0000000008007b54                UART_AdvFeatureConfig
 .text.UART_WaitOnFlagUntilTimeout
                0x0000000008007c34       0xd8 Drivers/STM32G0xx_HAL_Driver/Src/stm32g0xx_hal_uart.o
                0x0000000008007c34                UART_WaitOnFlagUntilTimeout
 .text.HAL_UART_Transmit
                0x0000000008007d0c      0x110 Drivers/STM32G0xx_HAL_Driver/Src/stm32g0xx_hal_uart.o
                0x0000000008007d0c                HAL_UART_Transmit
 .text.UART_CheckIdleState
                0x0000000008007e1c       0x74 Drivers/STM32G0xx_HAL_Driver/Src/stm32g0xx_hal_uart.o
                0x0000000008007e1c                UART_CheckIdleState
 .text.HAL_UART_Init
                0x0000000008007e90       0x70 Drivers/STM32G0xx_HAL_Driver/Src/stm32g0xx_hal_uart.o
                0x0000000008007e90                HAL_UART_Init
 .text.UARTEx_SetNbDataToProcess
                0x0000000008007f00       0x64 Drivers/STM32G0xx_HAL_Driver/Src/stm32g0xx_hal_uart_ex.o
 .text.HAL_UARTEx_DisableFifoMode
                0x0000000008007f64       0x40 Drivers/STM32G0xx_HAL_Driver/Src/stm32g0xx_hal_uart_ex.o
                0x0000000008007f64                HAL_UARTEx_DisableFifoMode
 .text.HAL_UARTEx_SetTxFifoThreshold
                0x0000000008007fa4       0x4a Drivers/STM32G0xx_HAL_Driver/Src/stm32g0xx_hal_uart_ex.o
                0x0000000008007fa4                HAL_UARTEx_SetTxFifoThreshold
 *fill*         0x0000000008007fee        0x2 
 .text.HAL_UARTEx_SetRxFifoThreshold
                0x0000000008007ff0       0x50 Drivers/STM32G0xx_HAL_Driver/Src/stm32g0xx_hal_uart_ex.o
                0x0000000008007ff0                HAL_UARTEx_SetRxFifoThreshold
 .text.arm_max_f32
                0x0000000008008040      0x108 F:\Embeded\workspace\STM32CubeIDE\G031\miniOSC\DSP\Lib\GCC\libarm_cortexM0l_math.a(arm_max_f32.o)
                0x0000000008008040                arm_max_f32
 .text.arm_cfft_radix8by2_f32
                0x0000000008008148      0x290 F:\Embeded\workspace\STM32CubeIDE\G031\miniOSC\DSP\Lib\GCC\libarm_cortexM0l_math.a(arm_cfft_f32.o)
                0x0000000008008148                arm_cfft_radix8by2_f32
 .text.arm_cfft_radix8by4_f32
                0x00000000080083d8      0x740 F:\Embeded\workspace\STM32CubeIDE\G031\miniOSC\DSP\Lib\GCC\libarm_cortexM0l_math.a(arm_cfft_f32.o)
                0x00000000080083d8                arm_cfft_radix8by4_f32
 .text.arm_cfft_f32
                0x0000000008008b18      0x100 F:\Embeded\workspace\STM32CubeIDE\G031\miniOSC\DSP\Lib\GCC\libarm_cortexM0l_math.a(arm_cfft_f32.o)
                0x0000000008008b18                arm_cfft_f32
 .text.arm_bitreversal_32
                0x0000000008008c18       0x48 F:\Embeded\workspace\STM32CubeIDE\G031\miniOSC\DSP\Lib\GCC\libarm_cortexM0l_math.a(arm_bitreversal2.o)
                0x0000000008008c18                arm_bitreversal_32
 .text.arm_cmplx_mag_f32
                0x0000000008008c60      0x174 F:\Embeded\workspace\STM32CubeIDE\G031\miniOSC\DSP\Lib\GCC\libarm_cortexM0l_math.a(arm_cmplx_mag_f32.o)
                0x0000000008008c60                arm_cmplx_mag_f32
 .text.arm_radix8_butterfly_f32
                0x0000000008008dd4      0x944 F:\Embeded\workspace\STM32CubeIDE\G031\miniOSC\DSP\Lib\GCC\libarm_cortexM0l_math.a(arm_cfft_radix8_f32.o)
                0x0000000008008dd4                arm_radix8_butterfly_f32
 .text.__errno  0x0000000008009718        0xc f:/program/st/stm32cubeide_1.5.0/stm32cubeide/plugins/com.st.stm32cube.ide.mcu.externaltools.gnu-tools-for-stm32.9-2020-q2-update.win32_1.5.0.202011040924/tools/bin/../lib/gcc/arm-none-eabi/9.3.1/../../../../arm-none-eabi/lib/thumb/v6-m/nofp\libc_nano.a(lib_a-errno.o)
                0x0000000008009718                __errno
 .text.__libc_init_array
                0x0000000008009724       0x48 f:/program/st/stm32cubeide_1.5.0/stm32cubeide/plugins/com.st.stm32cube.ide.mcu.externaltools.gnu-tools-for-stm32.9-2020-q2-update.win32_1.5.0.202011040924/tools/bin/../lib/gcc/arm-none-eabi/9.3.1/../../../../arm-none-eabi/lib/thumb/v6-m/nofp\libc_nano.a(lib_a-init.o)
                0x0000000008009724                __libc_init_array
 .text.memset   0x000000000800976c       0x10 f:/program/st/stm32cubeide_1.5.0/stm32cubeide/plugins/com.st.stm32cube.ide.mcu.externaltools.gnu-tools-for-stm32.9-2020-q2-update.win32_1.5.0.202011040924/tools/bin/../lib/gcc/arm-none-eabi/9.3.1/../../../../arm-none-eabi/lib/thumb/v6-m/nofp\libc_nano.a(lib_a-memset.o)
                0x000000000800976c                memset
 .text.__cvt    0x000000000800977c       0xc6 f:/program/st/stm32cubeide_1.5.0/stm32cubeide/plugins/com.st.stm32cube.ide.mcu.externaltools.gnu-tools-for-stm32.9-2020-q2-update.win32_1.5.0.202011040924/tools/bin/../lib/gcc/arm-none-eabi/9.3.1/../../../../arm-none-eabi/lib/thumb/v6-m/nofp\libc_nano.a(lib_a-nano-vfprintf_float.o)
                0x000000000800977c                __cvt
 .text.__exponent
                0x0000000008009842       0x8e f:/program/st/stm32cubeide_1.5.0/stm32cubeide/plugins/com.st.stm32cube.ide.mcu.externaltools.gnu-tools-for-stm32.9-2020-q2-update.win32_1.5.0.202011040924/tools/bin/../lib/gcc/arm-none-eabi/9.3.1/../../../../arm-none-eabi/lib/thumb/v6-m/nofp\libc_nano.a(lib_a-nano-vfprintf_float.o)
                0x0000000008009842                __exponent
 .text._printf_float
                0x00000000080098d0      0x49c f:/program/st/stm32cubeide_1.5.0/stm32cubeide/plugins/com.st.stm32cube.ide.mcu.externaltools.gnu-tools-for-stm32.9-2020-q2-update.win32_1.5.0.202011040924/tools/bin/../lib/gcc/arm-none-eabi/9.3.1/../../../../arm-none-eabi/lib/thumb/v6-m/nofp\libc_nano.a(lib_a-nano-vfprintf_float.o)
                0x00000000080098d0                _printf_float
 .text._printf_common
                0x0000000008009d6c       0xde f:/program/st/stm32cubeide_1.5.0/stm32cubeide/plugins/com.st.stm32cube.ide.mcu.externaltools.gnu-tools-for-stm32.9-2020-q2-update.win32_1.5.0.202011040924/tools/bin/../lib/gcc/arm-none-eabi/9.3.1/../../../../arm-none-eabi/lib/thumb/v6-m/nofp\libc_nano.a(lib_a-nano-vfprintf_i.o)
                0x0000000008009d6c                _printf_common
 *fill*         0x0000000008009e4a        0x2 
 .text._printf_i
                0x0000000008009e4c      0x224 f:/program/st/stm32cubeide_1.5.0/stm32cubeide/plugins/com.st.stm32cube.ide.mcu.externaltools.gnu-tools-for-stm32.9-2020-q2-update.win32_1.5.0.202011040924/tools/bin/../lib/gcc/arm-none-eabi/9.3.1/../../../../arm-none-eabi/lib/thumb/v6-m/nofp\libc_nano.a(lib_a-nano-vfprintf_i.o)
                0x0000000008009e4c                _printf_i
 .text.sprintf  0x000000000800a070       0x40 f:/program/st/stm32cubeide_1.5.0/stm32cubeide/plugins/com.st.stm32cube.ide.mcu.externaltools.gnu-tools-for-stm32.9-2020-q2-update.win32_1.5.0.202011040924/tools/bin/../lib/gcc/arm-none-eabi/9.3.1/../../../../arm-none-eabi/lib/thumb/v6-m/nofp\libc_nano.a(lib_a-sprintf.o)
                0x000000000800a070                siprintf
                0x000000000800a070                sprintf
 .text.quorem   0x000000000800a0b0      0x116 f:/program/st/stm32cubeide_1.5.0/stm32cubeide/plugins/com.st.stm32cube.ide.mcu.externaltools.gnu-tools-for-stm32.9-2020-q2-update.win32_1.5.0.202011040924/tools/bin/../lib/gcc/arm-none-eabi/9.3.1/../../../../arm-none-eabi/lib/thumb/v6-m/nofp\libc_nano.a(lib_a-dtoa.o)
 *fill*         0x000000000800a1c6        0x2 
 .text._dtoa_r  0x000000000800a1c8      0xc3c f:/program/st/stm32cubeide_1.5.0/stm32cubeide/plugins/com.st.stm32cube.ide.mcu.externaltools.gnu-tools-for-stm32.9-2020-q2-update.win32_1.5.0.202011040924/tools/bin/../lib/gcc/arm-none-eabi/9.3.1/../../../../arm-none-eabi/lib/thumb/v6-m/nofp\libc_nano.a(lib_a-dtoa.o)
                0x000000000800a1c8                _dtoa_r
 .text._localeconv_r
                0x000000000800ae04        0x8 f:/program/st/stm32cubeide_1.5.0/stm32cubeide/plugins/com.st.stm32cube.ide.mcu.externaltools.gnu-tools-for-stm32.9-2020-q2-update.win32_1.5.0.202011040924/tools/bin/../lib/gcc/arm-none-eabi/9.3.1/../../../../arm-none-eabi/lib/thumb/v6-m/nofp\libc_nano.a(lib_a-localeconv.o)
                0x000000000800ae04                _localeconv_r
 .text.malloc   0x000000000800ae0c       0x14 f:/program/st/stm32cubeide_1.5.0/stm32cubeide/plugins/com.st.stm32cube.ide.mcu.externaltools.gnu-tools-for-stm32.9-2020-q2-update.win32_1.5.0.202011040924/tools/bin/../lib/gcc/arm-none-eabi/9.3.1/../../../../arm-none-eabi/lib/thumb/v6-m/nofp\libc_nano.a(lib_a-malloc.o)
                0x000000000800ae0c                malloc
 .text.memchr   0x000000000800ae20       0x16 f:/program/st/stm32cubeide_1.5.0/stm32cubeide/plugins/com.st.stm32cube.ide.mcu.externaltools.gnu-tools-for-stm32.9-2020-q2-update.win32_1.5.0.202011040924/tools/bin/../lib/gcc/arm-none-eabi/9.3.1/../../../../arm-none-eabi/lib/thumb/v6-m/nofp\libc_nano.a(lib_a-memchr-stub.o)
                0x000000000800ae20                memchr
 .text.memcpy   0x000000000800ae36       0x12 f:/program/st/stm32cubeide_1.5.0/stm32cubeide/plugins/com.st.stm32cube.ide.mcu.externaltools.gnu-tools-for-stm32.9-2020-q2-update.win32_1.5.0.202011040924/tools/bin/../lib/gcc/arm-none-eabi/9.3.1/../../../../arm-none-eabi/lib/thumb/v6-m/nofp\libc_nano.a(lib_a-memcpy-stub.o)
                0x000000000800ae36                memcpy
 .text._Balloc  0x000000000800ae48       0x88 f:/program/st/stm32cubeide_1.5.0/stm32cubeide/plugins/com.st.stm32cube.ide.mcu.externaltools.gnu-tools-for-stm32.9-2020-q2-update.win32_1.5.0.202011040924/tools/bin/../lib/gcc/arm-none-eabi/9.3.1/../../../../arm-none-eabi/lib/thumb/v6-m/nofp\libc_nano.a(lib_a-mprec.o)
                0x000000000800ae48                _Balloc
 .text._Bfree   0x000000000800aed0       0x48 f:/program/st/stm32cubeide_1.5.0/stm32cubeide/plugins/com.st.stm32cube.ide.mcu.externaltools.gnu-tools-for-stm32.9-2020-q2-update.win32_1.5.0.202011040924/tools/bin/../lib/gcc/arm-none-eabi/9.3.1/../../../../arm-none-eabi/lib/thumb/v6-m/nofp\libc_nano.a(lib_a-mprec.o)
                0x000000000800aed0                _Bfree
 .text.__multadd
                0x000000000800af18       0x88 f:/program/st/stm32cubeide_1.5.0/stm32cubeide/plugins/com.st.stm32cube.ide.mcu.externaltools.gnu-tools-for-stm32.9-2020-q2-update.win32_1.5.0.202011040924/tools/bin/../lib/gcc/arm-none-eabi/9.3.1/../../../../arm-none-eabi/lib/thumb/v6-m/nofp\libc_nano.a(lib_a-mprec.o)
                0x000000000800af18                __multadd
 .text.__hi0bits
                0x000000000800afa0       0x34 f:/program/st/stm32cubeide_1.5.0/stm32cubeide/plugins/com.st.stm32cube.ide.mcu.externaltools.gnu-tools-for-stm32.9-2020-q2-update.win32_1.5.0.202011040924/tools/bin/../lib/gcc/arm-none-eabi/9.3.1/../../../../arm-none-eabi/lib/thumb/v6-m/nofp\libc_nano.a(lib_a-mprec.o)
                0x000000000800afa0                __hi0bits
 .text.__lo0bits
                0x000000000800afd4       0x5c f:/program/st/stm32cubeide_1.5.0/stm32cubeide/plugins/com.st.stm32cube.ide.mcu.externaltools.gnu-tools-for-stm32.9-2020-q2-update.win32_1.5.0.202011040924/tools/bin/../lib/gcc/arm-none-eabi/9.3.1/../../../../arm-none-eabi/lib/thumb/v6-m/nofp\libc_nano.a(lib_a-mprec.o)
                0x000000000800afd4                __lo0bits
 .text.__i2b    0x000000000800b030       0x2c f:/program/st/stm32cubeide_1.5.0/stm32cubeide/plugins/com.st.stm32cube.ide.mcu.externaltools.gnu-tools-for-stm32.9-2020-q2-update.win32_1.5.0.202011040924/tools/bin/../lib/gcc/arm-none-eabi/9.3.1/../../../../arm-none-eabi/lib/thumb/v6-m/nofp\libc_nano.a(lib_a-mprec.o)
                0x000000000800b030                __i2b
 .text.__multiply
                0x000000000800b05c      0x160 f:/program/st/stm32cubeide_1.5.0/stm32cubeide/plugins/com.st.stm32cube.ide.mcu.externaltools.gnu-tools-for-stm32.9-2020-q2-update.win32_1.5.0.202011040924/tools/bin/../lib/gcc/arm-none-eabi/9.3.1/../../../../arm-none-eabi/lib/thumb/v6-m/nofp\libc_nano.a(lib_a-mprec.o)
                0x000000000800b05c                __multiply
 .text.__pow5mult
                0x000000000800b1bc       0xb8 f:/program/st/stm32cubeide_1.5.0/stm32cubeide/plugins/com.st.stm32cube.ide.mcu.externaltools.gnu-tools-for-stm32.9-2020-q2-update.win32_1.5.0.202011040924/tools/bin/../lib/gcc/arm-none-eabi/9.3.1/../../../../arm-none-eabi/lib/thumb/v6-m/nofp\libc_nano.a(lib_a-mprec.o)
                0x000000000800b1bc                __pow5mult
 .text.__lshift
                0x000000000800b274       0xe0 f:/program/st/stm32cubeide_1.5.0/stm32cubeide/plugins/com.st.stm32cube.ide.mcu.externaltools.gnu-tools-for-stm32.9-2020-q2-update.win32_1.5.0.202011040924/tools/bin/../lib/gcc/arm-none-eabi/9.3.1/../../../../arm-none-eabi/lib/thumb/v6-m/nofp\libc_nano.a(lib_a-mprec.o)
                0x000000000800b274                __lshift
 .text.__mcmp   0x000000000800b354       0x36 f:/program/st/stm32cubeide_1.5.0/stm32cubeide/plugins/com.st.stm32cube.ide.mcu.externaltools.gnu-tools-for-stm32.9-2020-q2-update.win32_1.5.0.202011040924/tools/bin/../lib/gcc/arm-none-eabi/9.3.1/../../../../arm-none-eabi/lib/thumb/v6-m/nofp\libc_nano.a(lib_a-mprec.o)
                0x000000000800b354                __mcmp
 *fill*         0x000000000800b38a        0x2 
 .text.__mdiff  0x000000000800b38c      0x130 f:/program/st/stm32cubeide_1.5.0/stm32cubeide/plugins/com.st.stm32cube.ide.mcu.externaltools.gnu-tools-for-stm32.9-2020-q2-update.win32_1.5.0.202011040924/tools/bin/../lib/gcc/arm-none-eabi/9.3.1/../../../../arm-none-eabi/lib/thumb/v6-m/nofp\libc_nano.a(lib_a-mprec.o)
                0x000000000800b38c                __mdiff
 .text.__d2b    0x000000000800b4bc       0xc8 f:/program/st/stm32cubeide_1.5.0/stm32cubeide/plugins/com.st.stm32cube.ide.mcu.externaltools.gnu-tools-for-stm32.9-2020-q2-update.win32_1.5.0.202011040924/tools/bin/../lib/gcc/arm-none-eabi/9.3.1/../../../../arm-none-eabi/lib/thumb/v6-m/nofp\libc_nano.a(lib_a-mprec.o)
                0x000000000800b4bc                __d2b
 .text._calloc_r
                0x000000000800b584       0x1c f:/program/st/stm32cubeide_1.5.0/stm32cubeide/plugins/com.st.stm32cube.ide.mcu.externaltools.gnu-tools-for-stm32.9-2020-q2-update.win32_1.5.0.202011040924/tools/bin/../lib/gcc/arm-none-eabi/9.3.1/../../../../arm-none-eabi/lib/thumb/v6-m/nofp\libc_nano.a(lib_a-nano-callocr.o)
                0x000000000800b584                _calloc_r
 .text._free_r  0x000000000800b5a0       0x94 f:/program/st/stm32cubeide_1.5.0/stm32cubeide/plugins/com.st.stm32cube.ide.mcu.externaltools.gnu-tools-for-stm32.9-2020-q2-update.win32_1.5.0.202011040924/tools/bin/../lib/gcc/arm-none-eabi/9.3.1/../../../../arm-none-eabi/lib/thumb/v6-m/nofp\libc_nano.a(lib_a-nano-freer.o)
                0x000000000800b5a0                _free_r
 .text._malloc_r
                0x000000000800b634       0xbc f:/program/st/stm32cubeide_1.5.0/stm32cubeide/plugins/com.st.stm32cube.ide.mcu.externaltools.gnu-tools-for-stm32.9-2020-q2-update.win32_1.5.0.202011040924/tools/bin/../lib/gcc/arm-none-eabi/9.3.1/../../../../arm-none-eabi/lib/thumb/v6-m/nofp\libc_nano.a(lib_a-nano-mallocr.o)
                0x000000000800b634                _malloc_r
 .text.__ssputs_r
                0x000000000800b6f0       0xc4 f:/program/st/stm32cubeide_1.5.0/stm32cubeide/plugins/com.st.stm32cube.ide.mcu.externaltools.gnu-tools-for-stm32.9-2020-q2-update.win32_1.5.0.202011040924/tools/bin/../lib/gcc/arm-none-eabi/9.3.1/../../../../arm-none-eabi/lib/thumb/v6-m/nofp\libc_nano.a(lib_a-nano-svfprintf.o)
                0x000000000800b6f0                __ssputs_r
 .text._svfprintf_r
                0x000000000800b7b4      0x200 f:/program/st/stm32cubeide_1.5.0/stm32cubeide/plugins/com.st.stm32cube.ide.mcu.externaltools.gnu-tools-for-stm32.9-2020-q2-update.win32_1.5.0.202011040924/tools/bin/../lib/gcc/arm-none-eabi/9.3.1/../../../../arm-none-eabi/lib/thumb/v6-m/nofp\libc_nano.a(lib_a-nano-svfprintf.o)
                0x000000000800b7b4                _svfiprintf_r
                0x000000000800b7b4                _svfprintf_r
 .text._sbrk_r  0x000000000800b9b4       0x24 f:/program/st/stm32cubeide_1.5.0/stm32cubeide/plugins/com.st.stm32cube.ide.mcu.externaltools.gnu-tools-for-stm32.9-2020-q2-update.win32_1.5.0.202011040924/tools/bin/../lib/gcc/arm-none-eabi/9.3.1/../../../../arm-none-eabi/lib/thumb/v6-m/nofp\libc_nano.a(lib_a-sbrkr.o)
                0x000000000800b9b4                _sbrk_r
 .text.__assert_func
                0x000000000800b9d8       0x3c f:/program/st/stm32cubeide_1.5.0/stm32cubeide/plugins/com.st.stm32cube.ide.mcu.externaltools.gnu-tools-for-stm32.9-2020-q2-update.win32_1.5.0.202011040924/tools/bin/../lib/gcc/arm-none-eabi/9.3.1/../../../../arm-none-eabi/lib/thumb/v6-m/nofp\libc_nano.a(lib_a-assert.o)
                0x000000000800b9d8                __assert_func
 .text.fprintf  0x000000000800ba14       0x20 f:/program/st/stm32cubeide_1.5.0/stm32cubeide/plugins/com.st.stm32cube.ide.mcu.externaltools.gnu-tools-for-stm32.9-2020-q2-update.win32_1.5.0.202011040924/tools/bin/../lib/gcc/arm-none-eabi/9.3.1/../../../../arm-none-eabi/lib/thumb/v6-m/nofp\libc_nano.a(lib_a-fprintf.o)
                0x000000000800ba14                fiprintf
                0x000000000800ba14                fprintf
 .text.__ascii_mbtowc
                0x000000000800ba34       0x24 f:/program/st/stm32cubeide_1.5.0/stm32cubeide/plugins/com.st.stm32cube.ide.mcu.externaltools.gnu-tools-for-stm32.9-2020-q2-update.win32_1.5.0.202011040924/tools/bin/../lib/gcc/arm-none-eabi/9.3.1/../../../../arm-none-eabi/lib/thumb/v6-m/nofp\libc_nano.a(lib_a-mbtowc_r.o)
                0x000000000800ba34                __ascii_mbtowc
 .text.memmove  0x000000000800ba58       0x26 f:/program/st/stm32cubeide_1.5.0/stm32cubeide/plugins/com.st.stm32cube.ide.mcu.externaltools.gnu-tools-for-stm32.9-2020-q2-update.win32_1.5.0.202011040924/tools/bin/../lib/gcc/arm-none-eabi/9.3.1/../../../../arm-none-eabi/lib/thumb/v6-m/nofp\libc_nano.a(lib_a-memmove.o)
                0x000000000800ba58                memmove
 *fill*         0x000000000800ba7e        0x2 
 .text.__malloc_lock
                0x000000000800ba80       0x10 f:/program/st/stm32cubeide_1.5.0/stm32cubeide/plugins/com.st.stm32cube.ide.mcu.externaltools.gnu-tools-for-stm32.9-2020-q2-update.win32_1.5.0.202011040924/tools/bin/../lib/gcc/arm-none-eabi/9.3.1/../../../../arm-none-eabi/lib/thumb/v6-m/nofp\libc_nano.a(lib_a-mlock.o)
                0x000000000800ba80                __malloc_lock
 .text.__malloc_unlock
                0x000000000800ba90       0x10 f:/program/st/stm32cubeide_1.5.0/stm32cubeide/plugins/com.st.stm32cube.ide.mcu.externaltools.gnu-tools-for-stm32.9-2020-q2-update.win32_1.5.0.202011040924/tools/bin/../lib/gcc/arm-none-eabi/9.3.1/../../../../arm-none-eabi/lib/thumb/v6-m/nofp\libc_nano.a(lib_a-mlock.o)
                0x000000000800ba90                __malloc_unlock
 .text._realloc_r
                0x000000000800baa0       0x4c f:/program/st/stm32cubeide_1.5.0/stm32cubeide/plugins/com.st.stm32cube.ide.mcu.externaltools.gnu-tools-for-stm32.9-2020-q2-update.win32_1.5.0.202011040924/tools/bin/../lib/gcc/arm-none-eabi/9.3.1/../../../../arm-none-eabi/lib/thumb/v6-m/nofp\libc_nano.a(lib_a-nano-reallocr.o)
                0x000000000800baa0                _realloc_r
 .text.__sfputc_r
                0x000000000800baec       0x2a f:/program/st/stm32cubeide_1.5.0/stm32cubeide/plugins/com.st.stm32cube.ide.mcu.externaltools.gnu-tools-for-stm32.9-2020-q2-update.win32_1.5.0.202011040924/tools/bin/../lib/gcc/arm-none-eabi/9.3.1/../../../../arm-none-eabi/lib/thumb/v6-m/nofp\libc_nano.a(lib_a-nano-vfprintf.o)
 .text.__sfputs_r
                0x000000000800bb16       0x24 f:/program/st/stm32cubeide_1.5.0/stm32cubeide/plugins/com.st.stm32cube.ide.mcu.externaltools.gnu-tools-for-stm32.9-2020-q2-update.win32_1.5.0.202011040924/tools/bin/../lib/gcc/arm-none-eabi/9.3.1/../../../../arm-none-eabi/lib/thumb/v6-m/nofp\libc_nano.a(lib_a-nano-vfprintf.o)
                0x000000000800bb16                __sfputs_r
 *fill*         0x000000000800bb3a        0x2 
 .text._vfprintf_r
                0x000000000800bb3c      0x274 f:/program/st/stm32cubeide_1.5.0/stm32cubeide/plugins/com.st.stm32cube.ide.mcu.externaltools.gnu-tools-for-stm32.9-2020-q2-update.win32_1.5.0.202011040924/tools/bin/../lib/gcc/arm-none-eabi/9.3.1/../../../../arm-none-eabi/lib/thumb/v6-m/nofp\libc_nano.a(lib_a-nano-vfprintf.o)
                0x000000000800bb3c                _vfprintf_r
                0x000000000800bb3c                _vfiprintf_r
 .text.__swbuf_r
                0x000000000800bdb0       0xac f:/program/st/stm32cubeide_1.5.0/stm32cubeide/plugins/com.st.stm32cube.ide.mcu.externaltools.gnu-tools-for-stm32.9-2020-q2-update.win32_1.5.0.202011040924/tools/bin/../lib/gcc/arm-none-eabi/9.3.1/../../../../arm-none-eabi/lib/thumb/v6-m/nofp\libc_nano.a(lib_a-wbuf.o)
                0x000000000800bdb0                __swbuf_r
 .text.__ascii_wctomb
                0x000000000800be5c       0x1a f:/program/st/stm32cubeide_1.5.0/stm32cubeide/plugins/com.st.stm32cube.ide.mcu.externaltools.gnu-tools-for-stm32.9-2020-q2-update.win32_1.5.0.202011040924/tools/bin/../lib/gcc/arm-none-eabi/9.3.1/../../../../arm-none-eabi/lib/thumb/v6-m/nofp\libc_nano.a(lib_a-wctomb_r.o)
                0x000000000800be5c                __ascii_wctomb
 *fill*         0x000000000800be76        0x2 
 .text.__swsetup_r
                0x000000000800be78       0xf0 f:/program/st/stm32cubeide_1.5.0/stm32cubeide/plugins/com.st.stm32cube.ide.mcu.externaltools.gnu-tools-for-stm32.9-2020-q2-update.win32_1.5.0.202011040924/tools/bin/../lib/gcc/arm-none-eabi/9.3.1/../../../../arm-none-eabi/lib/thumb/v6-m/nofp\libc_nano.a(lib_a-wsetup.o)
                0x000000000800be78                __swsetup_r
 .text.abort    0x000000000800bf68        0xe f:/program/st/stm32cubeide_1.5.0/stm32cubeide/plugins/com.st.stm32cube.ide.mcu.externaltools.gnu-tools-for-stm32.9-2020-q2-update.win32_1.5.0.202011040924/tools/bin/../lib/gcc/arm-none-eabi/9.3.1/../../../../arm-none-eabi/lib/thumb/v6-m/nofp\libc_nano.a(lib_a-abort.o)
                0x000000000800bf68                abort
 *fill*         0x000000000800bf76        0x2 
 .text.__sflush_r
                0x000000000800bf78      0x118 f:/program/st/stm32cubeide_1.5.0/stm32cubeide/plugins/com.st.stm32cube.ide.mcu.externaltools.gnu-tools-for-stm32.9-2020-q2-update.win32_1.5.0.202011040924/tools/bin/../lib/gcc/arm-none-eabi/9.3.1/../../../../arm-none-eabi/lib/thumb/v6-m/nofp\libc_nano.a(lib_a-fflush.o)
                0x000000000800bf78                __sflush_r
 .text._fflush_r
                0x000000000800c090       0x80 f:/program/st/stm32cubeide_1.5.0/stm32cubeide/plugins/com.st.stm32cube.ide.mcu.externaltools.gnu-tools-for-stm32.9-2020-q2-update.win32_1.5.0.202011040924/tools/bin/../lib/gcc/arm-none-eabi/9.3.1/../../../../arm-none-eabi/lib/thumb/v6-m/nofp\libc_nano.a(lib_a-fflush.o)
                0x000000000800c090                _fflush_r
 .text.std      0x000000000800c110       0x48 f:/program/st/stm32cubeide_1.5.0/stm32cubeide/plugins/com.st.stm32cube.ide.mcu.externaltools.gnu-tools-for-stm32.9-2020-q2-update.win32_1.5.0.202011040924/tools/bin/../lib/gcc/arm-none-eabi/9.3.1/../../../../arm-none-eabi/lib/thumb/v6-m/nofp\libc_nano.a(lib_a-findfp.o)
 .text._cleanup_r
                0x000000000800c158       0x10 f:/program/st/stm32cubeide_1.5.0/stm32cubeide/plugins/com.st.stm32cube.ide.mcu.externaltools.gnu-tools-for-stm32.9-2020-q2-update.win32_1.5.0.202011040924/tools/bin/../lib/gcc/arm-none-eabi/9.3.1/../../../../arm-none-eabi/lib/thumb/v6-m/nofp\libc_nano.a(lib_a-findfp.o)
                0x000000000800c158                _cleanup_r
 .text.__sfmoreglue
                0x000000000800c168       0x2c f:/program/st/stm32cubeide_1.5.0/stm32cubeide/plugins/com.st.stm32cube.ide.mcu.externaltools.gnu-tools-for-stm32.9-2020-q2-update.win32_1.5.0.202011040924/tools/bin/../lib/gcc/arm-none-eabi/9.3.1/../../../../arm-none-eabi/lib/thumb/v6-m/nofp\libc_nano.a(lib_a-findfp.o)
                0x000000000800c168                __sfmoreglue
 .text.__sfp_lock_acquire
                0x000000000800c194       0x10 f:/program/st/stm32cubeide_1.5.0/stm32cubeide/plugins/com.st.stm32cube.ide.mcu.externaltools.gnu-tools-for-stm32.9-2020-q2-update.win32_1.5.0.202011040924/tools/bin/../lib/gcc/arm-none-eabi/9.3.1/../../../../arm-none-eabi/lib/thumb/v6-m/nofp\libc_nano.a(lib_a-findfp.o)
                0x000000000800c194                __sfp_lock_acquire
 .text.__sfp_lock_release
                0x000000000800c1a4       0x10 f:/program/st/stm32cubeide_1.5.0/stm32cubeide/plugins/com.st.stm32cube.ide.mcu.externaltools.gnu-tools-for-stm32.9-2020-q2-update.win32_1.5.0.202011040924/tools/bin/../lib/gcc/arm-none-eabi/9.3.1/../../../../arm-none-eabi/lib/thumb/v6-m/nofp\libc_nano.a(lib_a-findfp.o)
                0x000000000800c1a4                __sfp_lock_release
 .text.__sinit_lock_acquire
                0x000000000800c1b4       0x10 f:/program/st/stm32cubeide_1.5.0/stm32cubeide/plugins/com.st.stm32cube.ide.mcu.externaltools.gnu-tools-for-stm32.9-2020-q2-update.win32_1.5.0.202011040924/tools/bin/../lib/gcc/arm-none-eabi/9.3.1/../../../../arm-none-eabi/lib/thumb/v6-m/nofp\libc_nano.a(lib_a-findfp.o)
                0x000000000800c1b4                __sinit_lock_acquire
 .text.__sinit_lock_release
                0x000000000800c1c4       0x10 f:/program/st/stm32cubeide_1.5.0/stm32cubeide/plugins/com.st.stm32cube.ide.mcu.externaltools.gnu-tools-for-stm32.9-2020-q2-update.win32_1.5.0.202011040924/tools/bin/../lib/gcc/arm-none-eabi/9.3.1/../../../../arm-none-eabi/lib/thumb/v6-m/nofp\libc_nano.a(lib_a-findfp.o)
                0x000000000800c1c4                __sinit_lock_release
 .text.__sinit  0x000000000800c1d4       0x70 f:/program/st/stm32cubeide_1.5.0/stm32cubeide/plugins/com.st.stm32cube.ide.mcu.externaltools.gnu-tools-for-stm32.9-2020-q2-update.win32_1.5.0.202011040924/tools/bin/../lib/gcc/arm-none-eabi/9.3.1/../../../../arm-none-eabi/lib/thumb/v6-m/nofp\libc_nano.a(lib_a-findfp.o)
                0x000000000800c1d4                __sinit
 .text.__sfp    0x000000000800c244       0x90 f:/program/st/stm32cubeide_1.5.0/stm32cubeide/plugins/com.st.stm32cube.ide.mcu.externaltools.gnu-tools-for-stm32.9-2020-q2-update.win32_1.5.0.202011040924/tools/bin/../lib/gcc/arm-none-eabi/9.3.1/../../../../arm-none-eabi/lib/thumb/v6-m/nofp\libc_nano.a(lib_a-findfp.o)
                0x000000000800c244                __sfp
 .text._fwalk_reent
                0x000000000800c2d4       0x40 f:/program/st/stm32cubeide_1.5.0/stm32cubeide/plugins/com.st.stm32cube.ide.mcu.externaltools.gnu-tools-for-stm32.9-2020-q2-update.win32_1.5.0.202011040924/tools/bin/../lib/gcc/arm-none-eabi/9.3.1/../../../../arm-none-eabi/lib/thumb/v6-m/nofp\libc_nano.a(lib_a-fwalk.o)
                0x000000000800c2d4                _fwalk_reent
 .text.__retarget_lock_init_recursive
                0x000000000800c314        0x2 f:/program/st/stm32cubeide_1.5.0/stm32cubeide/plugins/com.st.stm32cube.ide.mcu.externaltools.gnu-tools-for-stm32.9-2020-q2-update.win32_1.5.0.202011040924/tools/bin/../lib/gcc/arm-none-eabi/9.3.1/../../../../arm-none-eabi/lib/thumb/v6-m/nofp\libc_nano.a(lib_a-lock.o)
                0x000000000800c314                __retarget_lock_init_recursive
 .text.__retarget_lock_acquire_recursive
                0x000000000800c316        0x2 f:/program/st/stm32cubeide_1.5.0/stm32cubeide/plugins/com.st.stm32cube.ide.mcu.externaltools.gnu-tools-for-stm32.9-2020-q2-update.win32_1.5.0.202011040924/tools/bin/../lib/gcc/arm-none-eabi/9.3.1/../../../../arm-none-eabi/lib/thumb/v6-m/nofp\libc_nano.a(lib_a-lock.o)
                0x000000000800c316                __retarget_lock_acquire_recursive
 .text.__retarget_lock_release_recursive
                0x000000000800c318        0x2 f:/program/st/stm32cubeide_1.5.0/stm32cubeide/plugins/com.st.stm32cube.ide.mcu.externaltools.gnu-tools-for-stm32.9-2020-q2-update.win32_1.5.0.202011040924/tools/bin/../lib/gcc/arm-none-eabi/9.3.1/../../../../arm-none-eabi/lib/thumb/v6-m/nofp\libc_nano.a(lib_a-lock.o)
                0x000000000800c318                __retarget_lock_release_recursive
 *fill*         0x000000000800c31a        0x2 
 .text.__swhatbuf_r
                0x000000000800c31c       0x50 f:/program/st/stm32cubeide_1.5.0/stm32cubeide/plugins/com.st.stm32cube.ide.mcu.externaltools.gnu-tools-for-stm32.9-2020-q2-update.win32_1.5.0.202011040924/tools/bin/../lib/gcc/arm-none-eabi/9.3.1/../../../../arm-none-eabi/lib/thumb/v6-m/nofp\libc_nano.a(lib_a-makebuf.o)
                0x000000000800c31c                __swhatbuf_r
 .text.__smakebuf_r
                0x000000000800c36c       0x88 f:/program/st/stm32cubeide_1.5.0/stm32cubeide/plugins/com.st.stm32cube.ide.mcu.externaltools.gnu-tools-for-stm32.9-2020-q2-update.win32_1.5.0.202011040924/tools/bin/../lib/gcc/arm-none-eabi/9.3.1/../../../../arm-none-eabi/lib/thumb/v6-m/nofp\libc_nano.a(lib_a-makebuf.o)
                0x000000000800c36c                __smakebuf_r
 .text._malloc_usable_size_r
                0x000000000800c3f4       0x10 f:/program/st/stm32cubeide_1.5.0/stm32cubeide/plugins/com.st.stm32cube.ide.mcu.externaltools.gnu-tools-for-stm32.9-2020-q2-update.win32_1.5.0.202011040924/tools/bin/../lib/gcc/arm-none-eabi/9.3.1/../../../../arm-none-eabi/lib/thumb/v6-m/nofp\libc_nano.a(lib_a-nano-msizer.o)
                0x000000000800c3f4                _malloc_usable_size_r
 .text._raise_r
                0x000000000800c404       0x54 f:/program/st/stm32cubeide_1.5.0/stm32cubeide/plugins/com.st.stm32cube.ide.mcu.externaltools.gnu-tools-for-stm32.9-2020-q2-update.win32_1.5.0.202011040924/tools/bin/../lib/gcc/arm-none-eabi/9.3.1/../../../../arm-none-eabi/lib/thumb/v6-m/nofp\libc_nano.a(lib_a-signal.o)
                0x000000000800c404                _raise_r
 .text.raise    0x000000000800c458       0x14 f:/program/st/stm32cubeide_1.5.0/stm32cubeide/plugins/com.st.stm32cube.ide.mcu.externaltools.gnu-tools-for-stm32.9-2020-q2-update.win32_1.5.0.202011040924/tools/bin/../lib/gcc/arm-none-eabi/9.3.1/../../../../arm-none-eabi/lib/thumb/v6-m/nofp\libc_nano.a(lib_a-signal.o)
                0x000000000800c458                raise
 .text._kill_r  0x000000000800c46c       0x24 f:/program/st/stm32cubeide_1.5.0/stm32cubeide/plugins/com.st.stm32cube.ide.mcu.externaltools.gnu-tools-for-stm32.9-2020-q2-update.win32_1.5.0.202011040924/tools/bin/../lib/gcc/arm-none-eabi/9.3.1/../../../../arm-none-eabi/lib/thumb/v6-m/nofp\libc_nano.a(lib_a-signalr.o)
                0x000000000800c46c                _kill_r
 .text._getpid_r
                0x000000000800c490        0x8 f:/program/st/stm32cubeide_1.5.0/stm32cubeide/plugins/com.st.stm32cube.ide.mcu.externaltools.gnu-tools-for-stm32.9-2020-q2-update.win32_1.5.0.202011040924/tools/bin/../lib/gcc/arm-none-eabi/9.3.1/../../../../arm-none-eabi/lib/thumb/v6-m/nofp\libc_nano.a(lib_a-signalr.o)
                0x000000000800c490                _getpid_r
 .text.__sread  0x000000000800c498       0x28 f:/program/st/stm32cubeide_1.5.0/stm32cubeide/plugins/com.st.stm32cube.ide.mcu.externaltools.gnu-tools-for-stm32.9-2020-q2-update.win32_1.5.0.202011040924/tools/bin/../lib/gcc/arm-none-eabi/9.3.1/../../../../arm-none-eabi/lib/thumb/v6-m/nofp\libc_nano.a(lib_a-stdio.o)
                0x000000000800c498                __sread
 .text.__swrite
                0x000000000800c4c0       0x38 f:/program/st/stm32cubeide_1.5.0/stm32cubeide/plugins/com.st.stm32cube.ide.mcu.externaltools.gnu-tools-for-stm32.9-2020-q2-update.win32_1.5.0.202011040924/tools/bin/../lib/gcc/arm-none-eabi/9.3.1/../../../../arm-none-eabi/lib/thumb/v6-m/nofp\libc_nano.a(lib_a-stdio.o)
                0x000000000800c4c0                __swrite
 .text.__sseek  0x000000000800c4f8       0x2c f:/program/st/stm32cubeide_1.5.0/stm32cubeide/plugins/com.st.stm32cube.ide.mcu.externaltools.gnu-tools-for-stm32.9-2020-q2-update.win32_1.5.0.202011040924/tools/bin/../lib/gcc/arm-none-eabi/9.3.1/../../../../arm-none-eabi/lib/thumb/v6-m/nofp\libc_nano.a(lib_a-stdio.o)
                0x000000000800c4f8                __sseek
 .text.__sclose
                0x000000000800c524        0xc f:/program/st/stm32cubeide_1.5.0/stm32cubeide/plugins/com.st.stm32cube.ide.mcu.externaltools.gnu-tools-for-stm32.9-2020-q2-update.win32_1.5.0.202011040924/tools/bin/../lib/gcc/arm-none-eabi/9.3.1/../../../../arm-none-eabi/lib/thumb/v6-m/nofp\libc_nano.a(lib_a-stdio.o)
                0x000000000800c524                __sclose
 .text._write_r
                0x000000000800c530       0x28 f:/program/st/stm32cubeide_1.5.0/stm32cubeide/plugins/com.st.stm32cube.ide.mcu.externaltools.gnu-tools-for-stm32.9-2020-q2-update.win32_1.5.0.202011040924/tools/bin/../lib/gcc/arm-none-eabi/9.3.1/../../../../arm-none-eabi/lib/thumb/v6-m/nofp\libc_nano.a(lib_a-writer.o)
                0x000000000800c530                _write_r
 .text._close_r
                0x000000000800c558       0x24 f:/program/st/stm32cubeide_1.5.0/stm32cubeide/plugins/com.st.stm32cube.ide.mcu.externaltools.gnu-tools-for-stm32.9-2020-q2-update.win32_1.5.0.202011040924/tools/bin/../lib/gcc/arm-none-eabi/9.3.1/../../../../arm-none-eabi/lib/thumb/v6-m/nofp\libc_nano.a(lib_a-closer.o)
                0x000000000800c558                _close_r
 .text._fstat_r
                0x000000000800c57c       0x24 f:/program/st/stm32cubeide_1.5.0/stm32cubeide/plugins/com.st.stm32cube.ide.mcu.externaltools.gnu-tools-for-stm32.9-2020-q2-update.win32_1.5.0.202011040924/tools/bin/../lib/gcc/arm-none-eabi/9.3.1/../../../../arm-none-eabi/lib/thumb/v6-m/nofp\libc_nano.a(lib_a-fstatr.o)
                0x000000000800c57c                _fstat_r
 .text._isatty_r
                0x000000000800c5a0       0x24 f:/program/st/stm32cubeide_1.5.0/stm32cubeide/plugins/com.st.stm32cube.ide.mcu.externaltools.gnu-tools-for-stm32.9-2020-q2-update.win32_1.5.0.202011040924/tools/bin/../lib/gcc/arm-none-eabi/9.3.1/../../../../arm-none-eabi/lib/thumb/v6-m/nofp\libc_nano.a(lib_a-isattyr.o)
                0x000000000800c5a0                _isatty_r
 .text._lseek_r
                0x000000000800c5c4       0x28 f:/program/st/stm32cubeide_1.5.0/stm32cubeide/plugins/com.st.stm32cube.ide.mcu.externaltools.gnu-tools-for-stm32.9-2020-q2-update.win32_1.5.0.202011040924/tools/bin/../lib/gcc/arm-none-eabi/9.3.1/../../../../arm-none-eabi/lib/thumb/v6-m/nofp\libc_nano.a(lib_a-lseekr.o)
                0x000000000800c5c4                _lseek_r
 .text._read_r  0x000000000800c5ec       0x28 f:/program/st/stm32cubeide_1.5.0/stm32cubeide/plugins/com.st.stm32cube.ide.mcu.externaltools.gnu-tools-for-stm32.9-2020-q2-update.win32_1.5.0.202011040924/tools/bin/../lib/gcc/arm-none-eabi/9.3.1/../../../../arm-none-eabi/lib/thumb/v6-m/nofp\libc_nano.a(lib_a-readr.o)
                0x000000000800c5ec                _read_r
 .text.sinf     0x000000000800c614       0x70 f:/program/st/stm32cubeide_1.5.0/stm32cubeide/plugins/com.st.stm32cube.ide.mcu.externaltools.gnu-tools-for-stm32.9-2020-q2-update.win32_1.5.0.202011040924/tools/bin/../lib/gcc/arm-none-eabi/9.3.1/../../../../arm-none-eabi/lib/thumb/v6-m/nofp\libm.a(lib_a-sf_sin.o)
                0x000000000800c614                sinf
 .text.sqrtf    0x000000000800c684       0x48 f:/program/st/stm32cubeide_1.5.0/stm32cubeide/plugins/com.st.stm32cube.ide.mcu.externaltools.gnu-tools-for-stm32.9-2020-q2-update.win32_1.5.0.202011040924/tools/bin/../lib/gcc/arm-none-eabi/9.3.1/../../../../arm-none-eabi/lib/thumb/v6-m/nofp\libm.a(lib_a-wf_sqrt.o)
                0x000000000800c684                sqrtf
 .text.__ieee754_rem_pio2f
                0x000000000800c6cc      0x2b8 f:/program/st/stm32cubeide_1.5.0/stm32cubeide/plugins/com.st.stm32cube.ide.mcu.externaltools.gnu-tools-for-stm32.9-2020-q2-update.win32_1.5.0.202011040924/tools/bin/../lib/gcc/arm-none-eabi/9.3.1/../../../../arm-none-eabi/lib/thumb/v6-m/nofp\libm.a(lib_a-ef_rem_pio2.o)
                0x000000000800c6cc                __ieee754_rem_pio2f
 .text.__ieee754_sqrtf
                0x000000000800c984       0xae f:/program/st/stm32cubeide_1.5.0/stm32cubeide/plugins/com.st.stm32cube.ide.mcu.externaltools.gnu-tools-for-stm32.9-2020-q2-update.win32_1.5.0.202011040924/tools/bin/../lib/gcc/arm-none-eabi/9.3.1/../../../../arm-none-eabi/lib/thumb/v6-m/nofp\libm.a(lib_a-ef_sqrt.o)
                0x000000000800c984                __ieee754_sqrtf
 *fill*         0x000000000800ca32        0x2 
 .text.__kernel_cosf
                0x000000000800ca34      0x100 f:/program/st/stm32cubeide_1.5.0/stm32cubeide/plugins/com.st.stm32cube.ide.mcu.externaltools.gnu-tools-for-stm32.9-2020-q2-update.win32_1.5.0.202011040924/tools/bin/../lib/gcc/arm-none-eabi/9.3.1/../../../../arm-none-eabi/lib/thumb/v6-m/nofp\libm.a(lib_a-kf_cos.o)
                0x000000000800ca34                __kernel_cosf
 .text.__kernel_rem_pio2f
                0x000000000800cb34      0x570 f:/program/st/stm32cubeide_1.5.0/stm32cubeide/plugins/com.st.stm32cube.ide.mcu.externaltools.gnu-tools-for-stm32.9-2020-q2-update.win32_1.5.0.202011040924/tools/bin/../lib/gcc/arm-none-eabi/9.3.1/../../../../arm-none-eabi/lib/thumb/v6-m/nofp\libm.a(lib_a-kf_rem_pio2.o)
                0x000000000800cb34                __kernel_rem_pio2f
 .text.__kernel_sinf
                0x000000000800d0a4       0xe8 f:/program/st/stm32cubeide_1.5.0/stm32cubeide/plugins/com.st.stm32cube.ide.mcu.externaltools.gnu-tools-for-stm32.9-2020-q2-update.win32_1.5.0.202011040924/tools/bin/../lib/gcc/arm-none-eabi/9.3.1/../../../../arm-none-eabi/lib/thumb/v6-m/nofp\libm.a(lib_a-kf_sin.o)
                0x000000000800d0a4                __kernel_sinf
 .text.fabsf    0x000000000800d18c        0x6 f:/program/st/stm32cubeide_1.5.0/stm32cubeide/plugins/com.st.stm32cube.ide.mcu.externaltools.gnu-tools-for-stm32.9-2020-q2-update.win32_1.5.0.202011040924/tools/bin/../lib/gcc/arm-none-eabi/9.3.1/../../../../arm-none-eabi/lib/thumb/v6-m/nofp\libm.a(lib_a-sf_fabs.o)
                0x000000000800d18c                fabsf
 *fill*         0x000000000800d192        0x2 
 .text.floorf   0x000000000800d194       0x7c f:/program/st/stm32cubeide_1.5.0/stm32cubeide/plugins/com.st.stm32cube.ide.mcu.externaltools.gnu-tools-for-stm32.9-2020-q2-update.win32_1.5.0.202011040924/tools/bin/../lib/gcc/arm-none-eabi/9.3.1/../../../../arm-none-eabi/lib/thumb/v6-m/nofp\libm.a(lib_a-sf_floor.o)
                0x000000000800d194                floorf
 .text.scalbnf  0x000000000800d210       0xb4 f:/program/st/stm32cubeide_1.5.0/stm32cubeide/plugins/com.st.stm32cube.ide.mcu.externaltools.gnu-tools-for-stm32.9-2020-q2-update.win32_1.5.0.202011040924/tools/bin/../lib/gcc/arm-none-eabi/9.3.1/../../../../arm-none-eabi/lib/thumb/v6-m/nofp\libm.a(lib_a-sf_scalbn.o)
                0x000000000800d210                scalbnf
 *(.glue_7)
 .glue_7        0x000000000800d2c4        0x0 linker stubs
 *(.glue_7t)
 .glue_7t       0x000000000800d2c4        0x0 linker stubs
 *(.eh_frame)
 .eh_frame      0x000000000800d2c4        0x0 f:/program/st/stm32cubeide_1.5.0/stm32cubeide/plugins/com.st.stm32cube.ide.mcu.externaltools.gnu-tools-for-stm32.9-2020-q2-update.win32_1.5.0.202011040924/tools/bin/../lib/gcc/arm-none-eabi/9.3.1/thumb/v6-m/nofp/crtbegin.o
 *(.init)
 .init          0x000000000800d2c4        0x4 f:/program/st/stm32cubeide_1.5.0/stm32cubeide/plugins/com.st.stm32cube.ide.mcu.externaltools.gnu-tools-for-stm32.9-2020-q2-update.win32_1.5.0.202011040924/tools/bin/../lib/gcc/arm-none-eabi/9.3.1/thumb/v6-m/nofp/crti.o
                0x000000000800d2c4                _init
 .init          0x000000000800d2c8        0x8 f:/program/st/stm32cubeide_1.5.0/stm32cubeide/plugins/com.st.stm32cube.ide.mcu.externaltools.gnu-tools-for-stm32.9-2020-q2-update.win32_1.5.0.202011040924/tools/bin/../lib/gcc/arm-none-eabi/9.3.1/thumb/v6-m/nofp/crtn.o
 *(.fini)
 .fini          0x000000000800d2d0        0x4 f:/program/st/stm32cubeide_1.5.0/stm32cubeide/plugins/com.st.stm32cube.ide.mcu.externaltools.gnu-tools-for-stm32.9-2020-q2-update.win32_1.5.0.202011040924/tools/bin/../lib/gcc/arm-none-eabi/9.3.1/thumb/v6-m/nofp/crti.o
                0x000000000800d2d0                _fini
 .fini          0x000000000800d2d4        0x8 f:/program/st/stm32cubeide_1.5.0/stm32cubeide/plugins/com.st.stm32cube.ide.mcu.externaltools.gnu-tools-for-stm32.9-2020-q2-update.win32_1.5.0.202011040924/tools/bin/../lib/gcc/arm-none-eabi/9.3.1/thumb/v6-m/nofp/crtn.o
                0x000000000800d2dc                . = ALIGN (0x4)
                0x000000000800d2dc                _etext = .

.vfp11_veneer   0x000000000800d2dc        0x0
 .vfp11_veneer  0x000000000800d2dc        0x0 linker stubs

.v4_bx          0x000000000800d2dc        0x0
 .v4_bx         0x000000000800d2dc        0x0 linker stubs

.iplt           0x000000000800d2dc        0x0
 .iplt          0x000000000800d2dc        0x0 f:/program/st/stm32cubeide_1.5.0/stm32cubeide/plugins/com.st.stm32cube.ide.mcu.externaltools.gnu-tools-for-stm32.9-2020-q2-update.win32_1.5.0.202011040924/tools/bin/../lib/gcc/arm-none-eabi/9.3.1/thumb/v6-m/nofp/crtbegin.o

.rodata         0x000000000800d2e0     0x138c
                0x000000000800d2e0                . = ALIGN (0x4)
 *(.rodata)
 .rodata        0x000000000800d2e0        0x8 Drivers/STM32G0xx_HAL_Driver/Src/stm32g0xx_hal_uart_ex.o
 .rodata        0x000000000800d2e8       0x80 f:/program/st/stm32cubeide_1.5.0/stm32cubeide/plugins/com.st.stm32cube.ide.mcu.externaltools.gnu-tools-for-stm32.9-2020-q2-update.win32_1.5.0.202011040924/tools/bin/../lib/gcc/arm-none-eabi/9.3.1/thumb/v6-m/nofp\libgcc.a(divsf3.o)
 .rodata        0x000000000800d368       0x40 f:/program/st/stm32cubeide_1.5.0/stm32cubeide/plugins/com.st.stm32cube.ide.mcu.externaltools.gnu-tools-for-stm32.9-2020-q2-update.win32_1.5.0.202011040924/tools/bin/../lib/gcc/arm-none-eabi/9.3.1/thumb/v6-m/nofp\libgcc.a(mulsf3.o)
 .rodata        0x000000000800d3a8       0x40 f:/program/st/stm32cubeide_1.5.0/stm32cubeide/plugins/com.st.stm32cube.ide.mcu.externaltools.gnu-tools-for-stm32.9-2020-q2-update.win32_1.5.0.202011040924/tools/bin/../lib/gcc/arm-none-eabi/9.3.1/thumb/v6-m/nofp\libgcc.a(divdf3.o)
 .rodata        0x000000000800d3e8       0x40 f:/program/st/stm32cubeide_1.5.0/stm32cubeide/plugins/com.st.stm32cube.ide.mcu.externaltools.gnu-tools-for-stm32.9-2020-q2-update.win32_1.5.0.202011040924/tools/bin/../lib/gcc/arm-none-eabi/9.3.1/thumb/v6-m/nofp\libgcc.a(muldf3.o)
 *(.rodata*)
 .rodata.main.str1.4
                0x000000000800d428       0xe0 Core/Src/main.o
 .rodata.main   0x000000000800d508       0x88 Core/Src/main.o
 .rodata.str1.4
                0x000000000800d590       0x75 Core/Src/main.o
 *fill*         0x000000000800d605        0x3 
 .rodata.AHBPrescTable
                0x000000000800d608       0x40 Core/Src/system_stm32g0xx.o
                0x000000000800d608                AHBPrescTable
 .rodata.APBPrescTable
                0x000000000800d648       0x20 Core/Src/system_stm32g0xx.o
                0x000000000800d648                APBPrescTable
 .rodata.asc2_0806
                0x000000000800d668      0x228 Drivers/OLED/oled.o
                0x000000000800d668                asc2_0806
 .rodata.HAL_TIM_PWM_ConfigChannel
                0x000000000800d890       0x54 Drivers/STM32G0xx_HAL_Driver/Src/stm32g0xx_hal_tim.o
 .rodata.UARTPrescTable
                0x000000000800d8e4       0x18 Drivers/STM32G0xx_HAL_Driver/Src/stm32g0xx_hal_uart.o
                0x000000000800d8e4                UARTPrescTable
 .rodata.UARTEx_SetNbDataToProcess.str1.4
                0x000000000800d8fc        0x9 Drivers/STM32G0xx_HAL_Driver/Src/stm32g0xx_hal_uart_ex.o
 *fill*         0x000000000800d905        0x3 
 .rodata.arm_cfft_sR_f32_len128
                0x000000000800d908       0x10 F:\Embeded\workspace\STM32CubeIDE\G031\miniOSC\DSP\Lib\GCC\libarm_cortexM0l_math.a(arm_const_structs.o)
                0x000000000800d908                arm_cfft_sR_f32_len128
 .rodata.armBitRevIndexTable128
                0x000000000800d918      0x1a0 F:\Embeded\workspace\STM32CubeIDE\G031\miniOSC\DSP\Lib\GCC\libarm_cortexM0l_math.a(arm_common_tables.o)
                0x000000000800d918                armBitRevIndexTable128
 .rodata.twiddleCoef_128
                0x000000000800dab8      0x400 F:\Embeded\workspace\STM32CubeIDE\G031\miniOSC\DSP\Lib\GCC\libarm_cortexM0l_math.a(arm_common_tables.o)
                0x000000000800dab8                twiddleCoef_128
 .rodata._global_impure_ptr
                0x000000000800deb8        0x4 f:/program/st/stm32cubeide_1.5.0/stm32cubeide/plugins/com.st.stm32cube.ide.mcu.externaltools.gnu-tools-for-stm32.9-2020-q2-update.win32_1.5.0.202011040924/tools/bin/../lib/gcc/arm-none-eabi/9.3.1/../../../../arm-none-eabi/lib/thumb/v6-m/nofp\libc_nano.a(lib_a-impure.o)
                0x000000000800deb8                _global_impure_ptr
 .rodata._printf_float.str1.1
                0x000000000800debc       0x12 f:/program/st/stm32cubeide_1.5.0/stm32cubeide/plugins/com.st.stm32cube.ide.mcu.externaltools.gnu-tools-for-stm32.9-2020-q2-update.win32_1.5.0.202011040924/tools/bin/../lib/gcc/arm-none-eabi/9.3.1/../../../../arm-none-eabi/lib/thumb/v6-m/nofp\libc_nano.a(lib_a-nano-vfprintf_float.o)
 .rodata._printf_i.str1.1
                0x000000000800dece       0x22 f:/program/st/stm32cubeide_1.5.0/stm32cubeide/plugins/com.st.stm32cube.ide.mcu.externaltools.gnu-tools-for-stm32.9-2020-q2-update.win32_1.5.0.202011040924/tools/bin/../lib/gcc/arm-none-eabi/9.3.1/../../../../arm-none-eabi/lib/thumb/v6-m/nofp\libc_nano.a(lib_a-nano-vfprintf_i.o)
 .rodata._dtoa_r.str1.1
                0x000000000800def0       0x94 f:/program/st/stm32cubeide_1.5.0/stm32cubeide/plugins/com.st.stm32cube.ide.mcu.externaltools.gnu-tools-for-stm32.9-2020-q2-update.win32_1.5.0.202011040924/tools/bin/../lib/gcc/arm-none-eabi/9.3.1/../../../../arm-none-eabi/lib/thumb/v6-m/nofp\libc_nano.a(lib_a-dtoa.o)
                                         0x96 (size before relaxing)
 .rodata._Balloc.str1.1
                0x000000000800df84       0x60 f:/program/st/stm32cubeide_1.5.0/stm32cubeide/plugins/com.st.stm32cube.ide.mcu.externaltools.gnu-tools-for-stm32.9-2020-q2-update.win32_1.5.0.202011040924/tools/bin/../lib/gcc/arm-none-eabi/9.3.1/../../../../arm-none-eabi/lib/thumb/v6-m/nofp\libc_nano.a(lib_a-mprec.o)
                                         0x77 (size before relaxing)
 .rodata.__multadd.str1.1
                0x000000000800dfe4       0x11 f:/program/st/stm32cubeide_1.5.0/stm32cubeide/plugins/com.st.stm32cube.ide.mcu.externaltools.gnu-tools-for-stm32.9-2020-q2-update.win32_1.5.0.202011040924/tools/bin/../lib/gcc/arm-none-eabi/9.3.1/../../../../arm-none-eabi/lib/thumb/v6-m/nofp\libc_nano.a(lib_a-mprec.o)
 *fill*         0x000000000800dfe4        0x4 
 .rodata.__mprec_bigtens
                0x000000000800dfe8       0x28 f:/program/st/stm32cubeide_1.5.0/stm32cubeide/plugins/com.st.stm32cube.ide.mcu.externaltools.gnu-tools-for-stm32.9-2020-q2-update.win32_1.5.0.202011040924/tools/bin/../lib/gcc/arm-none-eabi/9.3.1/../../../../arm-none-eabi/lib/thumb/v6-m/nofp\libc_nano.a(lib_a-mprec.o)
                0x000000000800dfe8                __mprec_bigtens
 .rodata.__mprec_tens
                0x000000000800e010       0xc8 f:/program/st/stm32cubeide_1.5.0/stm32cubeide/plugins/com.st.stm32cube.ide.mcu.externaltools.gnu-tools-for-stm32.9-2020-q2-update.win32_1.5.0.202011040924/tools/bin/../lib/gcc/arm-none-eabi/9.3.1/../../../../arm-none-eabi/lib/thumb/v6-m/nofp\libc_nano.a(lib_a-mprec.o)
                0x000000000800e010                __mprec_tens
 .rodata.p05.6150
                0x000000000800e0d8        0xc f:/program/st/stm32cubeide_1.5.0/stm32cubeide/plugins/com.st.stm32cube.ide.mcu.externaltools.gnu-tools-for-stm32.9-2020-q2-update.win32_1.5.0.202011040924/tools/bin/../lib/gcc/arm-none-eabi/9.3.1/../../../../arm-none-eabi/lib/thumb/v6-m/nofp\libc_nano.a(lib_a-mprec.o)
 .rodata._svfprintf_r.str1.1
                0x000000000800e0e4       0x11 f:/program/st/stm32cubeide_1.5.0/stm32cubeide/plugins/com.st.stm32cube.ide.mcu.externaltools.gnu-tools-for-stm32.9-2020-q2-update.win32_1.5.0.202011040924/tools/bin/../lib/gcc/arm-none-eabi/9.3.1/../../../../arm-none-eabi/lib/thumb/v6-m/nofp\libc_nano.a(lib_a-nano-svfprintf.o)
 .rodata.__assert_func.str1.1
                0x000000000800e0f5       0x3c f:/program/st/stm32cubeide_1.5.0/stm32cubeide/plugins/com.st.stm32cube.ide.mcu.externaltools.gnu-tools-for-stm32.9-2020-q2-update.win32_1.5.0.202011040924/tools/bin/../lib/gcc/arm-none-eabi/9.3.1/../../../../arm-none-eabi/lib/thumb/v6-m/nofp\libc_nano.a(lib_a-assert.o)
                                         0x3d (size before relaxing)
 .rodata._setlocale_r.str1.1
                0x000000000800e131        0x8 f:/program/st/stm32cubeide_1.5.0/stm32cubeide/plugins/com.st.stm32cube.ide.mcu.externaltools.gnu-tools-for-stm32.9-2020-q2-update.win32_1.5.0.202011040924/tools/bin/../lib/gcc/arm-none-eabi/9.3.1/../../../../arm-none-eabi/lib/thumb/v6-m/nofp\libc_nano.a(lib_a-locale.o)
                                          0x9 (size before relaxing)
 .rodata.str1.1
                0x000000000800e139        0x2 f:/program/st/stm32cubeide_1.5.0/stm32cubeide/plugins/com.st.stm32cube.ide.mcu.externaltools.gnu-tools-for-stm32.9-2020-q2-update.win32_1.5.0.202011040924/tools/bin/../lib/gcc/arm-none-eabi/9.3.1/../../../../arm-none-eabi/lib/thumb/v6-m/nofp\libc_nano.a(lib_a-locale.o)
 .rodata._vfprintf_r.str1.1
                0x000000000800e13b       0x11 f:/program/st/stm32cubeide_1.5.0/stm32cubeide/plugins/com.st.stm32cube.ide.mcu.externaltools.gnu-tools-for-stm32.9-2020-q2-update.win32_1.5.0.202011040924/tools/bin/../lib/gcc/arm-none-eabi/9.3.1/../../../../arm-none-eabi/lib/thumb/v6-m/nofp\libc_nano.a(lib_a-nano-vfprintf.o)
 .rodata._ctype_
                0x000000000800e13b      0x101 f:/program/st/stm32cubeide_1.5.0/stm32cubeide/plugins/com.st.stm32cube.ide.mcu.externaltools.gnu-tools-for-stm32.9-2020-q2-update.win32_1.5.0.202011040924/tools/bin/../lib/gcc/arm-none-eabi/9.3.1/../../../../arm-none-eabi/lib/thumb/v6-m/nofp\libc_nano.a(lib_a-ctype_.o)
                0x000000000800e13b                _ctype_
 .rodata.__sf_fake_stderr
                0x000000000800e23c       0x20 f:/program/st/stm32cubeide_1.5.0/stm32cubeide/plugins/com.st.stm32cube.ide.mcu.externaltools.gnu-tools-for-stm32.9-2020-q2-update.win32_1.5.0.202011040924/tools/bin/../lib/gcc/arm-none-eabi/9.3.1/../../../../arm-none-eabi/lib/thumb/v6-m/nofp\libc_nano.a(lib_a-findfp.o)
                0x000000000800e23c                __sf_fake_stderr
 .rodata.__sf_fake_stdin
                0x000000000800e25c       0x20 f:/program/st/stm32cubeide_1.5.0/stm32cubeide/plugins/com.st.stm32cube.ide.mcu.externaltools.gnu-tools-for-stm32.9-2020-q2-update.win32_1.5.0.202011040924/tools/bin/../lib/gcc/arm-none-eabi/9.3.1/../../../../arm-none-eabi/lib/thumb/v6-m/nofp\libc_nano.a(lib_a-findfp.o)
                0x000000000800e25c                __sf_fake_stdin
 .rodata.__sf_fake_stdout
                0x000000000800e27c       0x20 f:/program/st/stm32cubeide_1.5.0/stm32cubeide/plugins/com.st.stm32cube.ide.mcu.externaltools.gnu-tools-for-stm32.9-2020-q2-update.win32_1.5.0.202011040924/tools/bin/../lib/gcc/arm-none-eabi/9.3.1/../../../../arm-none-eabi/lib/thumb/v6-m/nofp\libc_nano.a(lib_a-findfp.o)
                0x000000000800e27c                __sf_fake_stdout
 .rodata.npio2_hw
                0x000000000800e29c       0x80 f:/program/st/stm32cubeide_1.5.0/stm32cubeide/plugins/com.st.stm32cube.ide.mcu.externaltools.gnu-tools-for-stm32.9-2020-q2-update.win32_1.5.0.202011040924/tools/bin/../lib/gcc/arm-none-eabi/9.3.1/../../../../arm-none-eabi/lib/thumb/v6-m/nofp\libm.a(lib_a-ef_rem_pio2.o)
 .rodata.two_over_pi
                0x000000000800e31c      0x318 f:/program/st/stm32cubeide_1.5.0/stm32cubeide/plugins/com.st.stm32cube.ide.mcu.externaltools.gnu-tools-for-stm32.9-2020-q2-update.win32_1.5.0.202011040924/tools/bin/../lib/gcc/arm-none-eabi/9.3.1/../../../../arm-none-eabi/lib/thumb/v6-m/nofp\libm.a(lib_a-ef_rem_pio2.o)
 .rodata.PIo2   0x000000000800e634       0x2c f:/program/st/stm32cubeide_1.5.0/stm32cubeide/plugins/com.st.stm32cube.ide.mcu.externaltools.gnu-tools-for-stm32.9-2020-q2-update.win32_1.5.0.202011040924/tools/bin/../lib/gcc/arm-none-eabi/9.3.1/../../../../arm-none-eabi/lib/thumb/v6-m/nofp\libm.a(lib_a-kf_rem_pio2.o)
 .rodata.init_jk
                0x000000000800e660        0xc f:/program/st/stm32cubeide_1.5.0/stm32cubeide/plugins/com.st.stm32cube.ide.mcu.externaltools.gnu-tools-for-stm32.9-2020-q2-update.win32_1.5.0.202011040924/tools/bin/../lib/gcc/arm-none-eabi/9.3.1/../../../../arm-none-eabi/lib/thumb/v6-m/nofp\libm.a(lib_a-kf_rem_pio2.o)