../Core/Src/oled.c:8:6:OLED_ColorTurn	16	static
../Core/Src/oled.c:20:6:OLED_WR_Byte	16	static
../Core/Src/oled.c:35:6:OLED_DisPlay_On	8	static
../Core/Src/oled.c:43:6:OLED_DisPlay_Off	8	static
../Core/Src/oled.c:51:6:OLED_Refresh	16	static
../Core/Src/oled.c:64:6:OLED_Clear	16	static
../Core/Src/oled.c:81:6:OLED_DrawPoint	32	static
../Core/Src/oled.c:110:6:OLED_DrawLine	64	static
../Core/Src/oled.c:146:6:OLED_DrawCircle	40	static
../Core/Src/oled.c:179:6:OLED_ShowChar	32	static
../Core/Src/oled.c:217:6:OLED_ShowString	32	static
../Core/Src/oled.c:229:5:OLED_Pow	24	static
../Core/Src/oled.c:245:6:OLED_ShowNum	40	static
../Core/Src/oled.c:267:6:OLED_ShowChinese	40	static
../Core/Src/oled.c:300:6:OLED_ScrollDisplay	40	static
../Core/Src/oled.c:342:6:OLED_ShowPicture	40	static
../Core/Src/oled.c:373:6:OLED_Init	40	static
