../Drivers/STM32G0xx_HAL_Driver/Inc/stm32g0xx_ll_rcc.h:1254:22:LL_RCC_HSE_EnableBypass	8	static
../Drivers/STM32G0xx_HAL_Driver/Inc/stm32g0xx_ll_rcc.h:1264:22:LL_RCC_HSE_DisableBypass	8	static
../Drivers/STM32G0xx_HAL_Driver/Inc/stm32g0xx_ll_rcc.h:1274:22:LL_RCC_HSE_Enable	8	static
../Drivers/STM32G0xx_HAL_Driver/Inc/stm32g0xx_ll_rcc.h:1294:26:LL_RCC_HSE_IsReady	8	static
../Drivers/STM32G0xx_HAL_Driver/Inc/stm32g0xx_ll_rcc.h:1343:22:LL_RCC_HSI_Enable	8	static
../Drivers/STM32G0xx_HAL_Driver/Inc/stm32g0xx_ll_rcc.h:1363:26:LL_RCC_HSI_IsReady	8	static
../Drivers/STM32G0xx_HAL_Driver/Inc/stm32g0xx_ll_rcc.h:1684:22:LL_RCC_SetSysClkSource	16	static
../Drivers/STM32G0xx_HAL_Driver/Inc/stm32g0xx_ll_rcc.h:1699:26:LL_RCC_GetSysClkSource	8	static
../Drivers/STM32G0xx_HAL_Driver/Inc/stm32g0xx_ll_rcc.h:1719:22:LL_RCC_SetAHBPrescaler	16	static
../Drivers/STM32G0xx_HAL_Driver/Inc/stm32g0xx_ll_rcc.h:1735:22:LL_RCC_SetAPB1Prescaler	16	static
../Drivers/STM32G0xx_HAL_Driver/Inc/stm32g0xx_ll_rcc.h:2508:22:LL_RCC_PLL_Enable	8	static
../Drivers/STM32G0xx_HAL_Driver/Inc/stm32g0xx_ll_rcc.h:2529:26:LL_RCC_PLL_IsReady	8	static
../Drivers/STM32G0xx_HAL_Driver/Inc/stm32g0xx_ll_rcc.h:2566:22:LL_RCC_PLL_ConfigDomain_SYS	24	static
../Drivers/STM32G0xx_HAL_Driver/Inc/stm32g0xx_ll_rcc.h:3433:22:LL_RCC_PLL_EnableDomain_SYS	8	static
../Drivers/STM32G0xx_HAL_Driver/Inc/stm32g0xx_ll_utils.h:296:22:LL_InitTick	16	static
../Drivers/STM32G0xx_HAL_Driver/Inc/stm32g0xx_ll_system.h:1972:22:LL_FLASH_SetLatency	16	static
../Drivers/STM32G0xx_HAL_Driver/Inc/stm32g0xx_ll_system.h:1985:26:LL_FLASH_GetLatency	8	static
../Drivers/STM32G0xx_HAL_Driver/Src/stm32g0xx_ll_utils.c:153:6:LL_Init1msTick	16	static
../Drivers/STM32G0xx_HAL_Driver/Src/stm32g0xx_ll_utils.c:169:6:LL_mDelay	24	static
../Drivers/STM32G0xx_HAL_Driver/Src/stm32g0xx_ll_utils.c:235:6:LL_SetSystemCoreClock	16	static
../Drivers/STM32G0xx_HAL_Driver/Src/stm32g0xx_ll_utils.c:257:13:LL_PLL_ConfigSystemClock_HSI	32	static
../Drivers/STM32G0xx_HAL_Driver/Src/stm32g0xx_ll_utils.c:315:13:LL_PLL_ConfigSystemClock_HSE	40	static
../Drivers/STM32G0xx_HAL_Driver/Src/stm32g0xx_ll_utils.c:376:13:LL_SetFlashLatency	32	static
../Drivers/STM32G0xx_HAL_Driver/Src/stm32g0xx_ll_utils.c:453:17:UTILS_GetPLLOutputFrequency	24	static
../Drivers/STM32G0xx_HAL_Driver/Src/stm32g0xx_ll_utils.c:484:20:UTILS_PLL_IsBusy	16	static
../Drivers/STM32G0xx_HAL_Driver/Src/stm32g0xx_ll_utils.c:507:20:UTILS_EnablePLLAndSwitchSystem	32	static
