oled.c:7:6:OLED_ColorTurn	16	static
oled.c:16:6:OLED_WR_Byte	16	static
oled.c:28:6:OLED_DisPlay_On	8	static
oled.c:35:6:OLED_DisPlay_Off	8	static
oled.c:42:6:OLED_Refresh	16	static
oled.c:54:6:OLED_Clear	16	static
oled.c:68:6:OLED_DrawPoint	32	static
oled.c:92:6:OLED_DrawLine	64	static
oled.c:131:6:OLED_DrawCircle	40	static
oled.c:161:6:OLED_ShowChar	32	static
oled.c:192:6:OLED_ShowString	32	static
oled.c:203:5:OLED_Pow	24	static
oled.c:217:6:OLED_ShowNum	40	static
oled.c:234:6:OLED_ShowChinese	40	static
oled.c:268:6:OLED_ShowPicture	40	static
oled.c:294:6:OLED_Init	8	static
