../Drivers/STM32G0xx_HAL_Driver/Inc/stm32g0xx_ll_rcc.h:1294:26:LL_RCC_HSE_IsReady	8	static
../Drivers/STM32G0xx_HAL_Driver/Inc/stm32g0xx_ll_rcc.h:1343:22:LL_RCC_HSI_Enable	8	static
../Drivers/STM32G0xx_HAL_Driver/Inc/stm32g0xx_ll_rcc.h:1363:26:LL_RCC_HSI_IsReady	8	static
../Drivers/STM32G0xx_HAL_Driver/Inc/stm32g0xx_ll_rcc.h:1389:22:LL_RCC_HSI_SetCalibTrimming	16	static
../Drivers/STM32G0xx_HAL_Driver/Inc/stm32g0xx_ll_rcc.h:1559:26:LL_RCC_LSE_IsReady	8	static
../Drivers/STM32G0xx_HAL_Driver/Inc/stm32g0xx_ll_rcc.h:1607:26:LL_RCC_LSI_IsReady	8	static
../Drivers/STM32G0xx_HAL_Driver/Inc/stm32g0xx_ll_rcc.h:1699:26:LL_RCC_GetSysClkSource	8	static
../Drivers/STM32G0xx_HAL_Driver/Inc/stm32g0xx_ll_rcc.h:1774:26:LL_RCC_GetAHBPrescaler	8	static
../Drivers/STM32G0xx_HAL_Driver/Inc/stm32g0xx_ll_rcc.h:1789:26:LL_RCC_GetAPB1Prescaler	8	static
../Drivers/STM32G0xx_HAL_Driver/Inc/stm32g0xx_ll_rcc.h:2173:26:LL_RCC_GetUSARTClockSource	16	static
../Drivers/STM32G0xx_HAL_Driver/Inc/stm32g0xx_ll_rcc.h:2197:26:LL_RCC_GetLPUARTClockSource	16	static
../Drivers/STM32G0xx_HAL_Driver/Inc/stm32g0xx_ll_rcc.h:2218:26:LL_RCC_GetI2CClockSource	16	static
../Drivers/STM32G0xx_HAL_Driver/Inc/stm32g0xx_ll_rcc.h:2238:26:LL_RCC_GetTIMClockSource	16	static
../Drivers/STM32G0xx_HAL_Driver/Inc/stm32g0xx_ll_rcc.h:2262:26:LL_RCC_GetLPTIMClockSource	16	static
../Drivers/STM32G0xx_HAL_Driver/Inc/stm32g0xx_ll_rcc.h:2360:26:LL_RCC_GetADCClockSource	16	static
../Drivers/STM32G0xx_HAL_Driver/Inc/stm32g0xx_ll_rcc.h:2399:26:LL_RCC_GetI2SClockSource	16	static
../Drivers/STM32G0xx_HAL_Driver/Inc/stm32g0xx_ll_rcc.h:2439:26:LL_RCC_GetRTCClockSource	8	static
../Drivers/STM32G0xx_HAL_Driver/Inc/stm32g0xx_ll_rcc.h:2529:26:LL_RCC_PLL_IsReady	8	static
../Drivers/STM32G0xx_HAL_Driver/Inc/stm32g0xx_ll_rcc.h:2989:26:LL_RCC_PLL_GetN	8	static
../Drivers/STM32G0xx_HAL_Driver/Inc/stm32g0xx_ll_rcc.h:3031:26:LL_RCC_PLL_GetP	8	static
../Drivers/STM32G0xx_HAL_Driver/Inc/stm32g0xx_ll_rcc.h:3050:26:LL_RCC_PLL_GetQ	8	static
../Drivers/STM32G0xx_HAL_Driver/Inc/stm32g0xx_ll_rcc.h:3069:26:LL_RCC_PLL_GetR	8	static
../Drivers/STM32G0xx_HAL_Driver/Inc/stm32g0xx_ll_rcc.h:3095:26:LL_RCC_PLL_GetMainSource	8	static
../Drivers/STM32G0xx_HAL_Driver/Inc/stm32g0xx_ll_rcc.h:3113:26:LL_RCC_PLL_GetDivider	8	static
../Drivers/STM32G0xx_HAL_Driver/Inc/stm32g0xx_ll_rcc.h:3150:26:LL_RCC_PLL_IsEnabledDomain_ADC	8	static
../Drivers/STM32G0xx_HAL_Driver/Inc/stm32g0xx_ll_rcc.h:3201:26:LL_RCC_PLL_IsEnabledDomain_I2S1	8	static
../Drivers/STM32G0xx_HAL_Driver/Inc/stm32g0xx_ll_rcc.h:3383:26:LL_RCC_PLL_IsEnabledDomain_TIM1	8	static
../Drivers/STM32G0xx_HAL_Driver/Src/stm32g0xx_ll_rcc.c:166:13:LL_RCC_DeInit	8	static
../Drivers/STM32G0xx_HAL_Driver/Src/stm32g0xx_ll_rcc.c:234:6:LL_RCC_GetSystemClocksFreq	16	static
../Drivers/STM32G0xx_HAL_Driver/Src/stm32g0xx_ll_rcc.c:255:10:LL_RCC_GetUSARTClockFreq	24	static
../Drivers/STM32G0xx_HAL_Driver/Src/stm32g0xx_ll_rcc.c:367:10:LL_RCC_GetI2CClockFreq	24	static
../Drivers/STM32G0xx_HAL_Driver/Src/stm32g0xx_ll_rcc.c:435:10:LL_RCC_GetI2SClockFreq	24	static
../Drivers/STM32G0xx_HAL_Driver/Src/stm32g0xx_ll_rcc.c:519:10:LL_RCC_GetLPUARTClockFreq	24	static
../Drivers/STM32G0xx_HAL_Driver/Src/stm32g0xx_ll_rcc.c:604:10:LL_RCC_GetLPTIMClockFreq	24	static
../Drivers/STM32G0xx_HAL_Driver/Src/stm32g0xx_ll_rcc.c:691:10:LL_RCC_GetTIMClockFreq	24	static
../Drivers/STM32G0xx_HAL_Driver/Src/stm32g0xx_ll_rcc.c:895:10:LL_RCC_GetADCClockFreq	24	static
../Drivers/STM32G0xx_HAL_Driver/Src/stm32g0xx_ll_rcc.c:935:10:LL_RCC_GetRTCClockFreq	16	static
../Drivers/STM32G0xx_HAL_Driver/Src/stm32g0xx_ll_rcc.c:1039:17:RCC_GetSystemClockFreq	16	static
../Drivers/STM32G0xx_HAL_Driver/Src/stm32g0xx_ll_rcc.c:1070:17:RCC_GetHCLKClockFreq	16	static
../Drivers/STM32G0xx_HAL_Driver/Src/stm32g0xx_ll_rcc.c:1081:17:RCC_GetPCLK1ClockFreq	16	static
../Drivers/STM32G0xx_HAL_Driver/Src/stm32g0xx_ll_rcc.c:1090:17:RCC_PLL_GetFreqDomain_SYS	24	static
../Drivers/STM32G0xx_HAL_Driver/Src/stm32g0xx_ll_rcc.c:1121:17:RCC_PLL_GetFreqDomain_ADC	24	static
../Drivers/STM32G0xx_HAL_Driver/Src/stm32g0xx_ll_rcc.c:1182:17:RCC_PLL_GetFreqDomain_I2S1	24	static
../Drivers/STM32G0xx_HAL_Driver/Src/stm32g0xx_ll_rcc.c:1307:17:RCC_PLL_GetFreqDomain_TIM1	24	static
