display_scope.c:8:13:Draw_Dotted_Line_X	32	static
display_scope.c:14:13:Draw_Dotted_Line_Y	32	static
display_scope.c:19:17:Voltage_To_Coordinate	32	static
display_scope.c:29:13:Show_Framework	48	static
display_scope.c:90:13:Show_Wave	72	static
display_scope.c:113:13:Show_Information	48	static
display_scope.c:147:13:Scope_UI_Refresh_Sub	16	static
display_scope.c:157:6:Scope_UI_Init	8	static
display_scope.c:163:6:Scope_UI_DeInit	8	static
display_scope.c:169:6:Scope_UI_Try_Refresh	32	static
